 
****************************************
Report : resources
Design : neural_eq_top
Version: O-2018.06-SP1
Date   : Sat Jun 27 09:07:42 2026
****************************************


Resource Report for this hierarchy in file ../../rtl/input_window_ctrl.sv
=============================================================================
| Cell           | Module         | Parameters | Contained Operations       |
=============================================================================
| lt_x_1         | DW_cmp         | width=3    | u_input_window/lt_37 (input_window_ctrl.sv:37) |
| add_x_2        | DW01_inc       | width=3    | u_input_window/add_38 (input_window_ctrl.sv:38) |
| gte_x_3        | DW_cmp         | width=3    | u_input_window/gte_45 (input_window_ctrl.sv:45) |
| lt_x_4         | DW_cmp         | width=8    | u_input_window/lt_46 (input_window_ctrl.sv:46) |
| add_x_5        | DW01_inc       | width=8    | u_input_window/add_46_S2 (input_window_ctrl.sv:46) |
| lt_x_6         | DW_cmp         | width=4    | u_input_window/lt_59 (input_window_ctrl.sv:59) |
| add_x_7        | DW01_inc       | width=4    | u_input_window/add_60 (input_window_ctrl.sv:60) |
=============================================================================


Implementation Report
===============================================================================
|                    |                  | Current            | Set            |
| Cell               | Module           | Implementation     | Implementation |
===============================================================================
| add_x_5            | DW01_inc         | apparch (area)     |                |
| lt_x_1             | DW_cmp           | apparch (area)     |                |
| add_x_2            | DW01_inc         | apparch (area)     |                |
| gte_x_3            | DW_cmp           | apparch (area)     |                |
| lt_x_4             | DW_cmp           | apparch (area)     |                |
| lt_x_6             | DW_cmp           | apparch (area)     |                |
| add_x_7            | DW01_inc         | apparch (area)     |                |
===============================================================================

1
