 
****************************************
Report : area
Design : neural_eq_top
Version: O-2018.06-SP1
Date   : Sat Jun 27 09:07:38 2026
****************************************

Library(s) Used:

    NangateOpenCellLibrary_ss0p95vn40c (File: /home/standard_cell_libraries/NangateOpenCellLibrary_PDKv1_3_v2010_12/lib/Front_End/Liberty/NLDM/NangateOpenCellLibrary_ss0p95vn40c.db)

Number of ports:                        40315
Number of nets:                        255033
Number of cells:                       174542
Number of combinational cells:         159348
Number of sequential cells:             14766
Number of macros/black boxes:               0
Number of buf/inv:                      26341
Number of references:                      21

Combinational area:             602249.529337
Buf/Inv area:                   111877.468319
Noncombinational area:           85010.144950
Macro/Black Box area:                0.000000
Net Interconnect area:      undefined  (Wire load has zero net area)

Total cell area:                687259.674287
Total area:                 undefined
1
