 
****************************************
Report : power
        -analysis_effort low
Design : neural_eq_top
Version: O-2018.06-SP1
Date   : Sat Jun 27 09:07:39 2026
****************************************


Library(s) Used:

    NangateOpenCellLibrary_ss0p95vn40c (File: /home/standard_cell_libraries/NangateOpenCellLibrary_PDKv1_3_v2010_12/lib/Front_End/Liberty/NLDM/NangateOpenCellLibrary_ss0p95vn40c.db)


Operating Conditions: worst_low   Library: NangateOpenCellLibrary_ss0p95vn40c
Wire Load Model Mode: top

Design        Wire Load Model            Library
------------------------------------------------
neural_eq_top          5K_hvratio_1_1    NangateOpenCellLibrary_ss0p95vn40c


Global Operating Voltage = 0.95 
Power-specific unit information :
    Voltage Units = 1V
    Capacitance Units = 1.000000ff
    Time Units = 1ns
    Dynamic Power Units = 1uW    (derived from V,C,T units)
    Leakage Power Units = 1nW


  Cell Internal Power  =  21.3067 mW   (72%)
  Net Switching Power  =   8.4513 mW   (28%)
                         ---------
Total Dynamic Power    =  29.7580 mW  (100%)

Cell Leakage Power     =   4.6741 mW


                 Internal         Switching           Leakage            Total
Power Group      Power            Power               Power              Power   (   %    )  Attrs
--------------------------------------------------------------------------------------------------
io_pad             0.0000            0.0000            0.0000            0.0000  (   0.00%)
memory             0.0000            0.0000            0.0000            0.0000  (   0.00%)
black_box          0.0000            0.0000            0.0000            0.0000  (   0.00%)
clock_network      0.4419          339.7069            8.6630          340.1575  (   0.99%)
register       1.5362e+04          448.5923        3.6618e+05        1.6176e+04  (  46.98%)
sequential         0.0000            0.0000            0.0000            0.0000  (   0.00%)
combinational  5.9446e+03        7.6631e+03        4.3079e+06        1.7915e+04  (  52.03%)
--------------------------------------------------------------------------------------------------
Total          2.1307e+04 uW     8.4514e+03 uW     4.6741e+06 nW     3.4432e+04 uW
1
