 
****************************************
Report : timing
        -path full
        -delay max
        -max_paths 20
Design : neural_eq_top
Version: O-2018.06-SP1
Date   : Wed Apr 29 00:49:00 2026
****************************************

 # A fanout number of 1000 was used for high fanout net computations.

Operating Conditions: WORST   Library: saed90nm_max
Wire Load Model Mode: enclosed

  Startpoint: valid_in (input port clocked by clk)
  Endpoint: u_input_window/win_I_reg[4][14]
            (rising edge-triggered flip-flop clocked by clk)
  Path Group: clk
  Path Type: max

  Des/Clust/Port     Wire Load Model       Library
  ------------------------------------------------
  neural_eq_top      70000                 saed90nm_max
  input_window_ctrl  16000                 saed90nm_max

  Point                                                   Incr       Path
  --------------------------------------------------------------------------
  clock clk (rise edge)                                   0.00       0.00
  clock network delay (ideal)                             0.00       0.00
  input external delay                                    2.00       2.00 f
  valid_in (in)                                           0.02       2.02 f
  u_input_window/valid_in (input_window_ctrl)             0.00       2.02 f
  u_input_window/U7/Z (NBUFFX4)                           0.79       2.80 f
  u_input_window/U4/ZN (INVX0)                            0.53       3.33 r
  u_input_window/U3/Q (AND2X1)                            0.38       3.71 r
  u_input_window/U5/Z (NBUFFX4)                           0.38       4.10 r
  u_input_window/U12/Z (NBUFFX2)                          0.40       4.50 r
  u_input_window/U11/ZN (INVX0)                           0.45       4.94 f
  u_input_window/U13/QN (NOR2X1)                          0.63       5.58 r
  u_input_window/U105/Z (NBUFFX2)                         1.82       7.40 r
  u_input_window/U171/Q (AO221X1)                         1.92       9.33 r
  u_input_window/win_I_reg[4][14]/D (DFFASX1)             0.03       9.35 r
  data arrival time                                                  9.35

  clock clk (rise edge)                                  10.00      10.00
  clock network delay (ideal)                             0.00      10.00
  clock uncertainty                                      -0.30       9.70
  u_input_window/win_I_reg[4][14]/CLK (DFFASX1)           0.00       9.70 r
  library setup time                                     -0.35       9.35
  data required time                                                 9.35
  --------------------------------------------------------------------------
  data required time                                                 9.35
  data arrival time                                                 -9.35
  --------------------------------------------------------------------------
  slack (VIOLATED: increase significant digits)                      0.00


  Startpoint: valid_in (input port clocked by clk)
  Endpoint: u_input_window/win_I_reg[4][12]
            (rising edge-triggered flip-flop clocked by clk)
  Path Group: clk
  Path Type: max

  Des/Clust/Port     Wire Load Model       Library
  ------------------------------------------------
  neural_eq_top      70000                 saed90nm_max
  input_window_ctrl  16000                 saed90nm_max

  Point                                                   Incr       Path
  --------------------------------------------------------------------------
  clock clk (rise edge)                                   0.00       0.00
  clock network delay (ideal)                             0.00       0.00
  input external delay                                    2.00       2.00 f
  valid_in (in)                                           0.02       2.02 f
  u_input_window/valid_in (input_window_ctrl)             0.00       2.02 f
  u_input_window/U7/Z (NBUFFX4)                           0.79       2.80 f
  u_input_window/U4/ZN (INVX0)                            0.53       3.33 r
  u_input_window/U3/Q (AND2X1)                            0.38       3.71 r
  u_input_window/U5/Z (NBUFFX4)                           0.38       4.10 r
  u_input_window/U12/Z (NBUFFX2)                          0.40       4.50 r
  u_input_window/U11/ZN (INVX0)                           0.45       4.94 f
  u_input_window/U13/QN (NOR2X1)                          0.63       5.58 r
  u_input_window/U16/Z (NBUFFX2)                          1.82       7.40 r
  u_input_window/U173/Q (AO221X1)                         1.92       9.33 r
  u_input_window/win_I_reg[4][12]/D (DFFASX1)             0.03       9.35 r
  data arrival time                                                  9.35

  clock clk (rise edge)                                  10.00      10.00
  clock network delay (ideal)                             0.00      10.00
  clock uncertainty                                      -0.30       9.70
  u_input_window/win_I_reg[4][12]/CLK (DFFASX1)           0.00       9.70 r
  library setup time                                     -0.35       9.35
  data required time                                                 9.35
  --------------------------------------------------------------------------
  data required time                                                 9.35
  data arrival time                                                 -9.35
  --------------------------------------------------------------------------
  slack (VIOLATED: increase significant digits)                      0.00


  Startpoint: valid_in (input port clocked by clk)
  Endpoint: u_input_window/win_I_reg[4][11]
            (rising edge-triggered flip-flop clocked by clk)
  Path Group: clk
  Path Type: max

  Des/Clust/Port     Wire Load Model       Library
  ------------------------------------------------
  neural_eq_top      70000                 saed90nm_max
  input_window_ctrl  16000                 saed90nm_max

  Point                                                   Incr       Path
  --------------------------------------------------------------------------
  clock clk (rise edge)                                   0.00       0.00
  clock network delay (ideal)                             0.00       0.00
  input external delay                                    2.00       2.00 f
  valid_in (in)                                           0.02       2.02 f
  u_input_window/valid_in (input_window_ctrl)             0.00       2.02 f
  u_input_window/U7/Z (NBUFFX4)                           0.79       2.80 f
  u_input_window/U4/ZN (INVX0)                            0.53       3.33 r
  u_input_window/U3/Q (AND2X1)                            0.38       3.71 r
  u_input_window/U5/Z (NBUFFX4)                           0.38       4.10 r
  u_input_window/U12/Z (NBUFFX2)                          0.40       4.50 r
  u_input_window/U11/ZN (INVX0)                           0.45       4.94 f
  u_input_window/U13/QN (NOR2X1)                          0.63       5.58 r
  u_input_window/U105/Z (NBUFFX2)                         1.82       7.40 r
  u_input_window/U174/Q (AO221X1)                         1.92       9.33 r
  u_input_window/win_I_reg[4][11]/D (DFFASX1)             0.03       9.35 r
  data arrival time                                                  9.35

  clock clk (rise edge)                                  10.00      10.00
  clock network delay (ideal)                             0.00      10.00
  clock uncertainty                                      -0.30       9.70
  u_input_window/win_I_reg[4][11]/CLK (DFFASX1)           0.00       9.70 r
  library setup time                                     -0.35       9.35
  data required time                                                 9.35
  --------------------------------------------------------------------------
  data required time                                                 9.35
  data arrival time                                                 -9.35
  --------------------------------------------------------------------------
  slack (VIOLATED: increase significant digits)                      0.00


  Startpoint: valid_in (input port clocked by clk)
  Endpoint: u_input_window/win_I_reg[4][4]
            (rising edge-triggered flip-flop clocked by clk)
  Path Group: clk
  Path Type: max

  Des/Clust/Port     Wire Load Model       Library
  ------------------------------------------------
  neural_eq_top      70000                 saed90nm_max
  input_window_ctrl  16000                 saed90nm_max

  Point                                                   Incr       Path
  --------------------------------------------------------------------------
  clock clk (rise edge)                                   0.00       0.00
  clock network delay (ideal)                             0.00       0.00
  input external delay                                    2.00       2.00 f
  valid_in (in)                                           0.02       2.02 f
  u_input_window/valid_in (input_window_ctrl)             0.00       2.02 f
  u_input_window/U7/Z (NBUFFX4)                           0.79       2.80 f
  u_input_window/U4/ZN (INVX0)                            0.53       3.33 r
  u_input_window/U3/Q (AND2X1)                            0.38       3.71 r
  u_input_window/U5/Z (NBUFFX4)                           0.38       4.10 r
  u_input_window/U12/Z (NBUFFX2)                          0.40       4.50 r
  u_input_window/U11/ZN (INVX0)                           0.45       4.94 f
  u_input_window/U13/QN (NOR2X1)                          0.63       5.58 r
  u_input_window/U105/Z (NBUFFX2)                         1.82       7.40 r
  u_input_window/U181/Q (AO221X1)                         1.92       9.33 r
  u_input_window/win_I_reg[4][4]/D (DFFASX1)              0.03       9.35 r
  data arrival time                                                  9.35

  clock clk (rise edge)                                  10.00      10.00
  clock network delay (ideal)                             0.00      10.00
  clock uncertainty                                      -0.30       9.70
  u_input_window/win_I_reg[4][4]/CLK (DFFASX1)            0.00       9.70 r
  library setup time                                     -0.35       9.35
  data required time                                                 9.35
  --------------------------------------------------------------------------
  data required time                                                 9.35
  data arrival time                                                 -9.35
  --------------------------------------------------------------------------
  slack (VIOLATED: increase significant digits)                      0.00


  Startpoint: valid_in (input port clocked by clk)
  Endpoint: u_input_window/win_I_reg[4][3]
            (rising edge-triggered flip-flop clocked by clk)
  Path Group: clk
  Path Type: max

  Des/Clust/Port     Wire Load Model       Library
  ------------------------------------------------
  neural_eq_top      70000                 saed90nm_max
  input_window_ctrl  16000                 saed90nm_max

  Point                                                   Incr       Path
  --------------------------------------------------------------------------
  clock clk (rise edge)                                   0.00       0.00
  clock network delay (ideal)                             0.00       0.00
  input external delay                                    2.00       2.00 f
  valid_in (in)                                           0.02       2.02 f
  u_input_window/valid_in (input_window_ctrl)             0.00       2.02 f
  u_input_window/U7/Z (NBUFFX4)                           0.79       2.80 f
  u_input_window/U4/ZN (INVX0)                            0.53       3.33 r
  u_input_window/U3/Q (AND2X1)                            0.38       3.71 r
  u_input_window/U5/Z (NBUFFX4)                           0.38       4.10 r
  u_input_window/U12/Z (NBUFFX2)                          0.40       4.50 r
  u_input_window/U11/ZN (INVX0)                           0.45       4.94 f
  u_input_window/U13/QN (NOR2X1)                          0.63       5.58 r
  u_input_window/U105/Z (NBUFFX2)                         1.82       7.40 r
  u_input_window/U182/Q (AO221X1)                         1.92       9.33 r
  u_input_window/win_I_reg[4][3]/D (DFFASX1)              0.03       9.35 r
  data arrival time                                                  9.35

  clock clk (rise edge)                                  10.00      10.00
  clock network delay (ideal)                             0.00      10.00
  clock uncertainty                                      -0.30       9.70
  u_input_window/win_I_reg[4][3]/CLK (DFFASX1)            0.00       9.70 r
  library setup time                                     -0.35       9.35
  data required time                                                 9.35
  --------------------------------------------------------------------------
  data required time                                                 9.35
  data arrival time                                                 -9.35
  --------------------------------------------------------------------------
  slack (VIOLATED: increase significant digits)                      0.00


  Startpoint: valid_in (input port clocked by clk)
  Endpoint: u_input_window/win_Q_reg[4][15]
            (rising edge-triggered flip-flop clocked by clk)
  Path Group: clk
  Path Type: max

  Des/Clust/Port     Wire Load Model       Library
  ------------------------------------------------
  neural_eq_top      70000                 saed90nm_max
  input_window_ctrl  16000                 saed90nm_max

  Point                                                   Incr       Path
  --------------------------------------------------------------------------
  clock clk (rise edge)                                   0.00       0.00
  clock network delay (ideal)                             0.00       0.00
  input external delay                                    2.00       2.00 f
  valid_in (in)                                           0.02       2.02 f
  u_input_window/valid_in (input_window_ctrl)             0.00       2.02 f
  u_input_window/U7/Z (NBUFFX4)                           0.79       2.80 f
  u_input_window/U4/ZN (INVX0)                            0.53       3.33 r
  u_input_window/U3/Q (AND2X1)                            0.38       3.71 r
  u_input_window/U5/Z (NBUFFX4)                           0.38       4.10 r
  u_input_window/U12/Z (NBUFFX2)                          0.40       4.50 r
  u_input_window/U11/ZN (INVX0)                           0.45       4.94 f
  u_input_window/U13/QN (NOR2X1)                          0.63       5.58 r
  u_input_window/U16/Z (NBUFFX2)                          1.82       7.40 r
  u_input_window/U96/Q (AO221X1)                          1.92       9.33 r
  u_input_window/win_Q_reg[4][15]/D (DFFASX1)             0.03       9.35 r
  data arrival time                                                  9.35

  clock clk (rise edge)                                  10.00      10.00
  clock network delay (ideal)                             0.00      10.00
  clock uncertainty                                      -0.30       9.70
  u_input_window/win_Q_reg[4][15]/CLK (DFFASX1)           0.00       9.70 r
  library setup time                                     -0.35       9.35
  data required time                                                 9.35
  --------------------------------------------------------------------------
  data required time                                                 9.35
  data arrival time                                                 -9.35
  --------------------------------------------------------------------------
  slack (VIOLATED: increase significant digits)                      0.00


  Startpoint: valid_in (input port clocked by clk)
  Endpoint: u_input_window/win_Q_reg[4][8]
            (rising edge-triggered flip-flop clocked by clk)
  Path Group: clk
  Path Type: max

  Des/Clust/Port     Wire Load Model       Library
  ------------------------------------------------
  neural_eq_top      70000                 saed90nm_max
  input_window_ctrl  16000                 saed90nm_max

  Point                                                   Incr       Path
  --------------------------------------------------------------------------
  clock clk (rise edge)                                   0.00       0.00
  clock network delay (ideal)                             0.00       0.00
  input external delay                                    2.00       2.00 f
  valid_in (in)                                           0.02       2.02 f
  u_input_window/valid_in (input_window_ctrl)             0.00       2.02 f
  u_input_window/U7/Z (NBUFFX4)                           0.79       2.80 f
  u_input_window/U4/ZN (INVX0)                            0.53       3.33 r
  u_input_window/U3/Q (AND2X1)                            0.38       3.71 r
  u_input_window/U5/Z (NBUFFX4)                           0.38       4.10 r
  u_input_window/U12/Z (NBUFFX2)                          0.40       4.50 r
  u_input_window/U11/ZN (INVX0)                           0.45       4.94 f
  u_input_window/U13/QN (NOR2X1)                          0.63       5.58 r
  u_input_window/U16/Z (NBUFFX2)                          1.82       7.40 r
  u_input_window/U61/Q (AO221X1)                          1.92       9.33 r
  u_input_window/win_Q_reg[4][8]/D (DFFASX1)              0.03       9.35 r
  data arrival time                                                  9.35

  clock clk (rise edge)                                  10.00      10.00
  clock network delay (ideal)                             0.00      10.00
  clock uncertainty                                      -0.30       9.70
  u_input_window/win_Q_reg[4][8]/CLK (DFFASX1)            0.00       9.70 r
  library setup time                                     -0.35       9.35
  data required time                                                 9.35
  --------------------------------------------------------------------------
  data required time                                                 9.35
  data arrival time                                                 -9.35
  --------------------------------------------------------------------------
  slack (VIOLATED: increase significant digits)                      0.00


  Startpoint: valid_in (input port clocked by clk)
  Endpoint: u_input_window/win_Q_reg[4][7]
            (rising edge-triggered flip-flop clocked by clk)
  Path Group: clk
  Path Type: max

  Des/Clust/Port     Wire Load Model       Library
  ------------------------------------------------
  neural_eq_top      70000                 saed90nm_max
  input_window_ctrl  16000                 saed90nm_max

  Point                                                   Incr       Path
  --------------------------------------------------------------------------
  clock clk (rise edge)                                   0.00       0.00
  clock network delay (ideal)                             0.00       0.00
  input external delay                                    2.00       2.00 f
  valid_in (in)                                           0.02       2.02 f
  u_input_window/valid_in (input_window_ctrl)             0.00       2.02 f
  u_input_window/U7/Z (NBUFFX4)                           0.79       2.80 f
  u_input_window/U4/ZN (INVX0)                            0.53       3.33 r
  u_input_window/U3/Q (AND2X1)                            0.38       3.71 r
  u_input_window/U5/Z (NBUFFX4)                           0.38       4.10 r
  u_input_window/U12/Z (NBUFFX2)                          0.40       4.50 r
  u_input_window/U11/ZN (INVX0)                           0.45       4.94 f
  u_input_window/U13/QN (NOR2X1)                          0.63       5.58 r
  u_input_window/U16/Z (NBUFFX2)                          1.82       7.40 r
  u_input_window/U56/Q (AO221X1)                          1.92       9.33 r
  u_input_window/win_Q_reg[4][7]/D (DFFASX1)              0.03       9.35 r
  data arrival time                                                  9.35

  clock clk (rise edge)                                  10.00      10.00
  clock network delay (ideal)                             0.00      10.00
  clock uncertainty                                      -0.30       9.70
  u_input_window/win_Q_reg[4][7]/CLK (DFFASX1)            0.00       9.70 r
  library setup time                                     -0.35       9.35
  data required time                                                 9.35
  --------------------------------------------------------------------------
  data required time                                                 9.35
  data arrival time                                                 -9.35
  --------------------------------------------------------------------------
  slack (VIOLATED: increase significant digits)                      0.00


  Startpoint: valid_in (input port clocked by clk)
  Endpoint: u_input_window/win_Q_reg[4][4]
            (rising edge-triggered flip-flop clocked by clk)
  Path Group: clk
  Path Type: max

  Des/Clust/Port     Wire Load Model       Library
  ------------------------------------------------
  neural_eq_top      70000                 saed90nm_max
  input_window_ctrl  16000                 saed90nm_max

  Point                                                   Incr       Path
  --------------------------------------------------------------------------
  clock clk (rise edge)                                   0.00       0.00
  clock network delay (ideal)                             0.00       0.00
  input external delay                                    2.00       2.00 f
  valid_in (in)                                           0.02       2.02 f
  u_input_window/valid_in (input_window_ctrl)             0.00       2.02 f
  u_input_window/U7/Z (NBUFFX4)                           0.79       2.80 f
  u_input_window/U4/ZN (INVX0)                            0.53       3.33 r
  u_input_window/U3/Q (AND2X1)                            0.38       3.71 r
  u_input_window/U5/Z (NBUFFX4)                           0.38       4.10 r
  u_input_window/U12/Z (NBUFFX2)                          0.40       4.50 r
  u_input_window/U11/ZN (INVX0)                           0.45       4.94 f
  u_input_window/U13/QN (NOR2X1)                          0.63       5.58 r
  u_input_window/U105/Z (NBUFFX2)                         1.82       7.40 r
  u_input_window/U41/Q (AO221X1)                          1.92       9.33 r
  u_input_window/win_Q_reg[4][4]/D (DFFASX1)              0.03       9.35 r
  data arrival time                                                  9.35

  clock clk (rise edge)                                  10.00      10.00
  clock network delay (ideal)                             0.00      10.00
  clock uncertainty                                      -0.30       9.70
  u_input_window/win_Q_reg[4][4]/CLK (DFFASX1)            0.00       9.70 r
  library setup time                                     -0.35       9.35
  data required time                                                 9.35
  --------------------------------------------------------------------------
  data required time                                                 9.35
  data arrival time                                                 -9.35
  --------------------------------------------------------------------------
  slack (VIOLATED: increase significant digits)                      0.00


  Startpoint: valid_in (input port clocked by clk)
  Endpoint: u_input_window/win_Q_reg[4][3]
            (rising edge-triggered flip-flop clocked by clk)
  Path Group: clk
  Path Type: max

  Des/Clust/Port     Wire Load Model       Library
  ------------------------------------------------
  neural_eq_top      70000                 saed90nm_max
  input_window_ctrl  16000                 saed90nm_max

  Point                                                   Incr       Path
  --------------------------------------------------------------------------
  clock clk (rise edge)                                   0.00       0.00
  clock network delay (ideal)                             0.00       0.00
  input external delay                                    2.00       2.00 f
  valid_in (in)                                           0.02       2.02 f
  u_input_window/valid_in (input_window_ctrl)             0.00       2.02 f
  u_input_window/U7/Z (NBUFFX4)                           0.79       2.80 f
  u_input_window/U4/ZN (INVX0)                            0.53       3.33 r
  u_input_window/U3/Q (AND2X1)                            0.38       3.71 r
  u_input_window/U5/Z (NBUFFX4)                           0.38       4.10 r
  u_input_window/U12/Z (NBUFFX2)                          0.40       4.50 r
  u_input_window/U11/ZN (INVX0)                           0.45       4.94 f
  u_input_window/U13/QN (NOR2X1)                          0.63       5.58 r
  u_input_window/U16/Z (NBUFFX2)                          1.82       7.40 r
  u_input_window/U36/Q (AO221X1)                          1.92       9.33 r
  u_input_window/win_Q_reg[4][3]/D (DFFASX1)              0.03       9.35 r
  data arrival time                                                  9.35

  clock clk (rise edge)                                  10.00      10.00
  clock network delay (ideal)                             0.00      10.00
  clock uncertainty                                      -0.30       9.70
  u_input_window/win_Q_reg[4][3]/CLK (DFFASX1)            0.00       9.70 r
  library setup time                                     -0.35       9.35
  data required time                                                 9.35
  --------------------------------------------------------------------------
  data required time                                                 9.35
  data arrival time                                                 -9.35
  --------------------------------------------------------------------------
  slack (VIOLATED: increase significant digits)                      0.00


  Startpoint: u_layer2/l2_tick_reg[1]
              (rising edge-triggered flip-flop clocked by clk)
  Endpoint: u_layer2/l2_out_reg_reg[6][1]
            (rising edge-triggered flip-flop clocked by clk)
  Path Group: clk
  Path Type: max

  Des/Clust/Port     Wire Load Model       Library
  ------------------------------------------------
  neural_eq_top      70000                 saed90nm_max
  layer2_compute     35000                 saed90nm_max

  Point                                                   Incr       Path
  --------------------------------------------------------------------------
  clock clk (rise edge)                                   0.00       0.00
  clock network delay (ideal)                             0.00       0.00
  u_layer2/l2_tick_reg[1]/CLK (DFFARX1)                   0.00 #     0.00 r
  u_layer2/l2_tick_reg[1]/QN (DFFARX1)                    0.51       0.51 r
  u_layer2/U256/ZN (INVX0)                                0.27       0.77 f
  u_layer2/U254/QN (NAND3X0)                              0.15       0.93 r
  u_layer2/U255/QN (NOR2X0)                               0.18       1.10 f
  u_layer2/U243/ZN (INVX0)                                0.27       1.38 r
  u_layer2/U1413/ZN (INVX0)                               0.55       1.92 f
  u_layer2/U269/ZN (INVX0)                                0.86       2.79 r
  u_layer2/U268/ZN (INVX0)                                0.28       3.07 f
  u_layer2/U237/ZN (INVX0)                                0.47       3.54 r
  u_layer2/U236/ZN (INVX0)                                0.17       3.70 f
  u_layer2/U271/ZN (INVX0)                                2.17       5.87 r
  u_layer2/U238/Z (NBUFFX2)                               1.89       7.76 r
  u_layer2/U728/Q (AO221X1)                               1.58       9.34 r
  u_layer2/l2_out_reg_reg[6][1]/D (DFFARX1)               0.03       9.37 r
  data arrival time                                                  9.37

  clock clk (rise edge)                                  10.00      10.00
  clock network delay (ideal)                             0.00      10.00
  clock uncertainty                                      -0.30       9.70
  u_layer2/l2_out_reg_reg[6][1]/CLK (DFFARX1)             0.00       9.70 r
  library setup time                                     -0.31       9.39
  data required time                                                 9.39
  --------------------------------------------------------------------------
  data required time                                                 9.39
  data arrival time                                                 -9.37
  --------------------------------------------------------------------------
  slack (MET)                                                        0.02


  Startpoint: u_layer2/l2_tick_reg[1]
              (rising edge-triggered flip-flop clocked by clk)
  Endpoint: u_layer2/l2_out_reg_reg[7][13]
            (rising edge-triggered flip-flop clocked by clk)
  Path Group: clk
  Path Type: max

  Des/Clust/Port     Wire Load Model       Library
  ------------------------------------------------
  neural_eq_top      70000                 saed90nm_max
  layer2_compute     35000                 saed90nm_max

  Point                                                   Incr       Path
  --------------------------------------------------------------------------
  clock clk (rise edge)                                   0.00       0.00
  clock network delay (ideal)                             0.00       0.00
  u_layer2/l2_tick_reg[1]/CLK (DFFARX1)                   0.00 #     0.00 r
  u_layer2/l2_tick_reg[1]/QN (DFFARX1)                    0.51       0.51 r
  u_layer2/U256/ZN (INVX0)                                0.27       0.77 f
  u_layer2/U254/QN (NAND3X0)                              0.15       0.93 r
  u_layer2/U255/QN (NOR2X0)                               0.18       1.10 f
  u_layer2/U243/ZN (INVX0)                                0.27       1.38 r
  u_layer2/U1413/ZN (INVX0)                               0.55       1.92 f
  u_layer2/U269/ZN (INVX0)                                0.86       2.79 r
  u_layer2/U268/ZN (INVX0)                                0.28       3.07 f
  u_layer2/U237/ZN (INVX0)                                0.47       3.54 r
  u_layer2/U236/ZN (INVX0)                                0.17       3.70 f
  u_layer2/U271/ZN (INVX0)                                2.17       5.87 r
  u_layer2/U238/Z (NBUFFX2)                               1.89       7.76 r
  u_layer2/U720/Q (AO221X1)                               1.58       9.34 r
  u_layer2/l2_out_reg_reg[7][13]/D (DFFARX1)              0.03       9.37 r
  data arrival time                                                  9.37

  clock clk (rise edge)                                  10.00      10.00
  clock network delay (ideal)                             0.00      10.00
  clock uncertainty                                      -0.30       9.70
  u_layer2/l2_out_reg_reg[7][13]/CLK (DFFARX1)            0.00       9.70 r
  library setup time                                     -0.31       9.39
  data required time                                                 9.39
  --------------------------------------------------------------------------
  data required time                                                 9.39
  data arrival time                                                 -9.37
  --------------------------------------------------------------------------
  slack (MET)                                                        0.02


  Startpoint: u_layer2/l2_tick_reg[1]
              (rising edge-triggered flip-flop clocked by clk)
  Endpoint: u_layer2/l2_out_reg_reg[7][7]
            (rising edge-triggered flip-flop clocked by clk)
  Path Group: clk
  Path Type: max

  Des/Clust/Port     Wire Load Model       Library
  ------------------------------------------------
  neural_eq_top      70000                 saed90nm_max
  layer2_compute     35000                 saed90nm_max

  Point                                                   Incr       Path
  --------------------------------------------------------------------------
  clock clk (rise edge)                                   0.00       0.00
  clock network delay (ideal)                             0.00       0.00
  u_layer2/l2_tick_reg[1]/CLK (DFFARX1)                   0.00 #     0.00 r
  u_layer2/l2_tick_reg[1]/QN (DFFARX1)                    0.51       0.51 r
  u_layer2/U256/ZN (INVX0)                                0.27       0.77 f
  u_layer2/U254/QN (NAND3X0)                              0.15       0.93 r
  u_layer2/U255/QN (NOR2X0)                               0.18       1.10 f
  u_layer2/U243/ZN (INVX0)                                0.27       1.38 r
  u_layer2/U1413/ZN (INVX0)                               0.55       1.92 f
  u_layer2/U269/ZN (INVX0)                                0.86       2.79 r
  u_layer2/U268/ZN (INVX0)                                0.28       3.07 f
  u_layer2/U237/ZN (INVX0)                                0.47       3.54 r
  u_layer2/U236/ZN (INVX0)                                0.17       3.70 f
  u_layer2/U271/ZN (INVX0)                                2.17       5.87 r
  u_layer2/U238/Z (NBUFFX2)                               1.89       7.76 r
  u_layer2/U714/Q (AO221X1)                               1.58       9.34 r
  u_layer2/l2_out_reg_reg[7][7]/D (DFFARX1)               0.03       9.37 r
  data arrival time                                                  9.37

  clock clk (rise edge)                                  10.00      10.00
  clock network delay (ideal)                             0.00      10.00
  clock uncertainty                                      -0.30       9.70
  u_layer2/l2_out_reg_reg[7][7]/CLK (DFFARX1)             0.00       9.70 r
  library setup time                                     -0.31       9.39
  data required time                                                 9.39
  --------------------------------------------------------------------------
  data required time                                                 9.39
  data arrival time                                                 -9.37
  --------------------------------------------------------------------------
  slack (MET)                                                        0.02


  Startpoint: u_layer2/l2_tick_reg[1]
              (rising edge-triggered flip-flop clocked by clk)
  Endpoint: u_layer2/l2_out_reg_reg[12][8]
            (rising edge-triggered flip-flop clocked by clk)
  Path Group: clk
  Path Type: max

  Des/Clust/Port     Wire Load Model       Library
  ------------------------------------------------
  neural_eq_top      70000                 saed90nm_max
  layer2_compute     35000                 saed90nm_max

  Point                                                   Incr       Path
  --------------------------------------------------------------------------
  clock clk (rise edge)                                   0.00       0.00
  clock network delay (ideal)                             0.00       0.00
  u_layer2/l2_tick_reg[1]/CLK (DFFARX1)                   0.00 #     0.00 r
  u_layer2/l2_tick_reg[1]/QN (DFFARX1)                    0.51       0.51 r
  u_layer2/U256/ZN (INVX0)                                0.27       0.77 f
  u_layer2/U254/QN (NAND3X0)                              0.15       0.93 r
  u_layer2/U255/QN (NOR2X0)                               0.18       1.10 f
  u_layer2/U243/ZN (INVX0)                                0.27       1.38 r
  u_layer2/U1413/ZN (INVX0)                               0.55       1.92 f
  u_layer2/U269/ZN (INVX0)                                0.86       2.79 r
  u_layer2/U268/ZN (INVX0)                                0.28       3.07 f
  u_layer2/U237/ZN (INVX0)                                0.47       3.54 r
  u_layer2/U236/ZN (INVX0)                                0.17       3.70 f
  u_layer2/U271/ZN (INVX0)                                2.17       5.87 r
  u_layer2/U238/Z (NBUFFX2)                               1.89       7.76 r
  u_layer2/U615/Q (AO221X1)                               1.58       9.34 r
  u_layer2/l2_out_reg_reg[12][8]/D (DFFARX1)              0.03       9.37 r
  data arrival time                                                  9.37

  clock clk (rise edge)                                  10.00      10.00
  clock network delay (ideal)                             0.00      10.00
  clock uncertainty                                      -0.30       9.70
  u_layer2/l2_out_reg_reg[12][8]/CLK (DFFARX1)            0.00       9.70 r
  library setup time                                     -0.31       9.39
  data required time                                                 9.39
  --------------------------------------------------------------------------
  data required time                                                 9.39
  data arrival time                                                 -9.37
  --------------------------------------------------------------------------
  slack (MET)                                                        0.02


  Startpoint: u_layer2/l2_tick_reg[1]
              (rising edge-triggered flip-flop clocked by clk)
  Endpoint: u_layer2/l2_out_reg_reg[16][5]
            (rising edge-triggered flip-flop clocked by clk)
  Path Group: clk
  Path Type: max

  Des/Clust/Port     Wire Load Model       Library
  ------------------------------------------------
  neural_eq_top      70000                 saed90nm_max
  layer2_compute     35000                 saed90nm_max

  Point                                                   Incr       Path
  --------------------------------------------------------------------------
  clock clk (rise edge)                                   0.00       0.00
  clock network delay (ideal)                             0.00       0.00
  u_layer2/l2_tick_reg[1]/CLK (DFFARX1)                   0.00 #     0.00 r
  u_layer2/l2_tick_reg[1]/QN (DFFARX1)                    0.51       0.51 r
  u_layer2/U256/ZN (INVX0)                                0.27       0.77 f
  u_layer2/U254/QN (NAND3X0)                              0.15       0.93 r
  u_layer2/U255/QN (NOR2X0)                               0.18       1.10 f
  u_layer2/U243/ZN (INVX0)                                0.27       1.38 r
  u_layer2/U1413/ZN (INVX0)                               0.55       1.92 f
  u_layer2/U269/ZN (INVX0)                                0.86       2.79 r
  u_layer2/U268/ZN (INVX0)                                0.28       3.07 f
  u_layer2/U237/ZN (INVX0)                                0.47       3.54 r
  u_layer2/U236/ZN (INVX0)                                0.17       3.70 f
  u_layer2/U271/ZN (INVX0)                                2.17       5.87 r
  u_layer2/U238/Z (NBUFFX2)                               1.89       7.76 r
  u_layer2/U532/Q (AO221X1)                               1.58       9.34 r
  u_layer2/l2_out_reg_reg[16][5]/D (DFFARX1)              0.03       9.37 r
  data arrival time                                                  9.37

  clock clk (rise edge)                                  10.00      10.00
  clock network delay (ideal)                             0.00      10.00
  clock uncertainty                                      -0.30       9.70
  u_layer2/l2_out_reg_reg[16][5]/CLK (DFFARX1)            0.00       9.70 r
  library setup time                                     -0.31       9.39
  data required time                                                 9.39
  --------------------------------------------------------------------------
  data required time                                                 9.39
  data arrival time                                                 -9.37
  --------------------------------------------------------------------------
  slack (MET)                                                        0.02


  Startpoint: u_layer2/l2_tick_reg[1]
              (rising edge-triggered flip-flop clocked by clk)
  Endpoint: u_layer2/l2_out_reg_reg[0][6]
            (rising edge-triggered flip-flop clocked by clk)
  Path Group: clk
  Path Type: max

  Des/Clust/Port     Wire Load Model       Library
  ------------------------------------------------
  neural_eq_top      70000                 saed90nm_max
  layer2_compute     35000                 saed90nm_max

  Point                                                   Incr       Path
  --------------------------------------------------------------------------
  clock clk (rise edge)                                   0.00       0.00
  clock network delay (ideal)                             0.00       0.00
  u_layer2/l2_tick_reg[1]/CLK (DFFARX1)                   0.00 #     0.00 r
  u_layer2/l2_tick_reg[1]/QN (DFFARX1)                    0.51       0.51 r
  u_layer2/U259/ZN (INVX0)                                0.27       0.77 f
  u_layer2/U258/QN (NAND3X0)                              0.19       0.96 r
  u_layer2/U274/QN (NOR2X0)                               0.51       1.47 f
  u_layer2/U286/ZN (INVX0)                                0.92       2.39 r
  u_layer2/U270/Z (NBUFFX2)                               0.77       3.16 r
  u_layer2/U1343/ZN (INVX0)                               1.42       4.59 f
  u_layer2/U1345/ZN (INVX0)                               1.44       6.03 r
  u_layer2/U74/Q (AO221X1)                                3.31       9.33 r
  u_layer2/l2_out_reg_reg[0][6]/D (DFFARX1)               0.03       9.36 r
  data arrival time                                                  9.36

  clock clk (rise edge)                                  10.00      10.00
  clock network delay (ideal)                             0.00      10.00
  clock uncertainty                                      -0.30       9.70
  u_layer2/l2_out_reg_reg[0][6]/CLK (DFFARX1)             0.00       9.70 r
  library setup time                                     -0.31       9.39
  data required time                                                 9.39
  --------------------------------------------------------------------------
  data required time                                                 9.39
  data arrival time                                                 -9.36
  --------------------------------------------------------------------------
  slack (MET)                                                        0.03


  Startpoint: u_layer2/l2_tick_reg[1]
              (rising edge-triggered flip-flop clocked by clk)
  Endpoint: u_layer2/l2_out_reg_reg[0][3]
            (rising edge-triggered flip-flop clocked by clk)
  Path Group: clk
  Path Type: max

  Des/Clust/Port     Wire Load Model       Library
  ------------------------------------------------
  neural_eq_top      70000                 saed90nm_max
  layer2_compute     35000                 saed90nm_max

  Point                                                   Incr       Path
  --------------------------------------------------------------------------
  clock clk (rise edge)                                   0.00       0.00
  clock network delay (ideal)                             0.00       0.00
  u_layer2/l2_tick_reg[1]/CLK (DFFARX1)                   0.00 #     0.00 r
  u_layer2/l2_tick_reg[1]/QN (DFFARX1)                    0.51       0.51 r
  u_layer2/U259/ZN (INVX0)                                0.27       0.77 f
  u_layer2/U258/QN (NAND3X0)                              0.19       0.96 r
  u_layer2/U274/QN (NOR2X0)                               0.51       1.47 f
  u_layer2/U286/ZN (INVX0)                                0.92       2.39 r
  u_layer2/U270/Z (NBUFFX2)                               0.77       3.16 r
  u_layer2/U1346/ZN (INVX0)                               1.42       4.59 f
  u_layer2/U1348/ZN (INVX0)                               1.44       6.03 r
  u_layer2/U107/Q (AO221X1)                               3.31       9.33 r
  u_layer2/l2_out_reg_reg[0][3]/D (DFFARX1)               0.03       9.36 r
  data arrival time                                                  9.36

  clock clk (rise edge)                                  10.00      10.00
  clock network delay (ideal)                             0.00      10.00
  clock uncertainty                                      -0.30       9.70
  u_layer2/l2_out_reg_reg[0][3]/CLK (DFFARX1)             0.00       9.70 r
  library setup time                                     -0.31       9.39
  data required time                                                 9.39
  --------------------------------------------------------------------------
  data required time                                                 9.39
  data arrival time                                                 -9.36
  --------------------------------------------------------------------------
  slack (MET)                                                        0.03


  Startpoint: u_layer2/l2_tick_reg[1]
              (rising edge-triggered flip-flop clocked by clk)
  Endpoint: u_layer2/l2_out_reg_reg[26][4]
            (rising edge-triggered flip-flop clocked by clk)
  Path Group: clk
  Path Type: max

  Des/Clust/Port     Wire Load Model       Library
  ------------------------------------------------
  neural_eq_top      70000                 saed90nm_max
  layer2_compute     35000                 saed90nm_max

  Point                                                   Incr       Path
  --------------------------------------------------------------------------
  clock clk (rise edge)                                   0.00       0.00
  clock network delay (ideal)                             0.00       0.00
  u_layer2/l2_tick_reg[1]/CLK (DFFARX1)                   0.00 #     0.00 r
  u_layer2/l2_tick_reg[1]/QN (DFFARX1)                    0.51       0.51 r
  u_layer2/U259/ZN (INVX0)                                0.27       0.77 f
  u_layer2/U258/QN (NAND3X0)                              0.19       0.96 r
  u_layer2/U274/QN (NOR2X0)                               0.51       1.47 f
  u_layer2/U286/ZN (INVX0)                                0.92       2.39 r
  u_layer2/U270/Z (NBUFFX2)                               0.77       3.16 r
  u_layer2/U1346/ZN (INVX0)                               1.42       4.59 f
  u_layer2/U1348/ZN (INVX0)                               1.44       6.03 r
  u_layer2/U331/Q (AO221X1)                               3.31       9.33 r
  u_layer2/l2_out_reg_reg[26][4]/D (DFFARX1)              0.03       9.36 r
  data arrival time                                                  9.36

  clock clk (rise edge)                                  10.00      10.00
  clock network delay (ideal)                             0.00      10.00
  clock uncertainty                                      -0.30       9.70
  u_layer2/l2_out_reg_reg[26][4]/CLK (DFFARX1)            0.00       9.70 r
  library setup time                                     -0.31       9.39
  data required time                                                 9.39
  --------------------------------------------------------------------------
  data required time                                                 9.39
  data arrival time                                                 -9.36
  --------------------------------------------------------------------------
  slack (MET)                                                        0.03


  Startpoint: u_layer2/l2_tick_reg[1]
              (rising edge-triggered flip-flop clocked by clk)
  Endpoint: u_layer2/l2_out_reg_reg[26][2]
            (rising edge-triggered flip-flop clocked by clk)
  Path Group: clk
  Path Type: max

  Des/Clust/Port     Wire Load Model       Library
  ------------------------------------------------
  neural_eq_top      70000                 saed90nm_max
  layer2_compute     35000                 saed90nm_max

  Point                                                   Incr       Path
  --------------------------------------------------------------------------
  clock clk (rise edge)                                   0.00       0.00
  clock network delay (ideal)                             0.00       0.00
  u_layer2/l2_tick_reg[1]/CLK (DFFARX1)                   0.00 #     0.00 r
  u_layer2/l2_tick_reg[1]/QN (DFFARX1)                    0.51       0.51 r
  u_layer2/U259/ZN (INVX0)                                0.27       0.77 f
  u_layer2/U258/QN (NAND3X0)                              0.19       0.96 r
  u_layer2/U274/QN (NOR2X0)                               0.51       1.47 f
  u_layer2/U286/ZN (INVX0)                                0.92       2.39 r
  u_layer2/U270/Z (NBUFFX2)                               0.77       3.16 r
  u_layer2/U1343/ZN (INVX0)                               1.42       4.59 f
  u_layer2/U1345/ZN (INVX0)                               1.44       6.03 r
  u_layer2/U329/Q (AO221X1)                               3.31       9.33 r
  u_layer2/l2_out_reg_reg[26][2]/D (DFFARX1)              0.03       9.36 r
  data arrival time                                                  9.36

  clock clk (rise edge)                                  10.00      10.00
  clock network delay (ideal)                             0.00      10.00
  clock uncertainty                                      -0.30       9.70
  u_layer2/l2_out_reg_reg[26][2]/CLK (DFFARX1)            0.00       9.70 r
  library setup time                                     -0.31       9.39
  data required time                                                 9.39
  --------------------------------------------------------------------------
  data required time                                                 9.39
  data arrival time                                                 -9.36
  --------------------------------------------------------------------------
  slack (MET)                                                        0.03


  Startpoint: u_layer2/l2_tick_reg[1]
              (rising edge-triggered flip-flop clocked by clk)
  Endpoint: u_layer2/l2_out_reg_reg[26][1]
            (rising edge-triggered flip-flop clocked by clk)
  Path Group: clk
  Path Type: max

  Des/Clust/Port     Wire Load Model       Library
  ------------------------------------------------
  neural_eq_top      70000                 saed90nm_max
  layer2_compute     35000                 saed90nm_max

  Point                                                   Incr       Path
  --------------------------------------------------------------------------
  clock clk (rise edge)                                   0.00       0.00
  clock network delay (ideal)                             0.00       0.00
  u_layer2/l2_tick_reg[1]/CLK (DFFARX1)                   0.00 #     0.00 r
  u_layer2/l2_tick_reg[1]/QN (DFFARX1)                    0.51       0.51 r
  u_layer2/U259/ZN (INVX0)                                0.27       0.77 f
  u_layer2/U258/QN (NAND3X0)                              0.19       0.96 r
  u_layer2/U274/QN (NOR2X0)                               0.51       1.47 f
  u_layer2/U286/ZN (INVX0)                                0.92       2.39 r
  u_layer2/U270/Z (NBUFFX2)                               0.77       3.16 r
  u_layer2/U1346/ZN (INVX0)                               1.42       4.59 f
  u_layer2/U1348/ZN (INVX0)                               1.44       6.03 r
  u_layer2/U328/Q (AO221X1)                               3.31       9.33 r
  u_layer2/l2_out_reg_reg[26][1]/D (DFFARX1)              0.03       9.36 r
  data arrival time                                                  9.36

  clock clk (rise edge)                                  10.00      10.00
  clock network delay (ideal)                             0.00      10.00
  clock uncertainty                                      -0.30       9.70
  u_layer2/l2_out_reg_reg[26][1]/CLK (DFFARX1)            0.00       9.70 r
  library setup time                                     -0.31       9.39
  data required time                                                 9.39
  --------------------------------------------------------------------------
  data required time                                                 9.39
  data arrival time                                                 -9.36
  --------------------------------------------------------------------------
  slack (MET)                                                        0.03


1
