 
****************************************
Report : constraint
        -all_violators
Design : neural_eq_top
Version: O-2018.06-SP1
Date   : Wed Apr 29 00:48:59 2026
****************************************


   max_delay/setup ('clk' group)

                             Required        Actual
   Endpoint                 Path Delay     Path Delay        Slack
   -----------------------------------------------------------------
   u_input_window/win_I_reg[4][3]/D
                                9.35           9.35 r         0.00  (VIOLATED: increase significant digits)
   u_input_window/win_I_reg[4][4]/D
                                9.35           9.35 r         0.00  (VIOLATED: increase significant digits)
   u_input_window/win_I_reg[4][11]/D
                                9.35           9.35 r         0.00  (VIOLATED: increase significant digits)
   u_input_window/win_I_reg[4][12]/D
                                9.35           9.35 r         0.00  (VIOLATED: increase significant digits)
   u_input_window/win_I_reg[4][14]/D
                                9.35           9.35 r         0.00  (VIOLATED: increase significant digits)
   u_input_window/win_Q_reg[4][3]/D
                                9.35           9.35 r         0.00  (VIOLATED: increase significant digits)
   u_input_window/win_Q_reg[4][4]/D
                                9.35           9.35 r         0.00  (VIOLATED: increase significant digits)
   u_input_window/win_Q_reg[4][7]/D
                                9.35           9.35 r         0.00  (VIOLATED: increase significant digits)
   u_input_window/win_Q_reg[4][8]/D
                                9.35           9.35 r         0.00  (VIOLATED: increase significant digits)
   u_input_window/win_Q_reg[4][15]/D
                                9.35           9.35 r         0.00  (VIOLATED: increase significant digits)


1
