****************************************
Report : port
Module : neural_eq_top
Mode   : default
Corner : default
Scenario: default
Version: O-2018.06-SP1
Date   : Wed Apr 29 17:38:40 2026
****************************************
                      Pin Cap                    Wire Cap
                   Min          Max           Min          Max
Port      Dir    rise/fall    rise/fall     rise/fall    rise/fall    Attributes
--------------------------------------------------------------------------------
clk       in     0.00/0.00    0.00/0.00     0.00/0.00    0.00/0.00
in_I[0]   in     0.00/0.00    0.00/0.00     0.00/0.00    0.00/0.00
in_I[10]  in     0.00/0.00    0.00/0.00     0.00/0.00    0.00/0.00
in_I[11]  in     0.00/0.00    0.00/0.00     0.00/0.00    0.00/0.00
in_I[12]  in     0.00/0.00    0.00/0.00     0.00/0.00    0.00/0.00
in_I[13]  in     0.00/0.00    0.00/0.00     0.00/0.00    0.00/0.00
in_I[14]  in     0.00/0.00    0.00/0.00     0.00/0.00    0.00/0.00
in_I[15]  in     0.00/0.00    0.00/0.00     0.00/0.00    0.00/0.00
in_I[1]   in     0.00/0.00    0.00/0.00     0.00/0.00    0.00/0.00
in_I[2]   in     0.00/0.00    0.00/0.00     0.00/0.00    0.00/0.00
in_I[3]   in     0.00/0.00    0.00/0.00     0.00/0.00    0.00/0.00
in_I[4]   in     0.00/0.00    0.00/0.00     0.00/0.00    0.00/0.00
in_I[5]   in     0.00/0.00    0.00/0.00     0.00/0.00    0.00/0.00
in_I[6]   in     0.00/0.00    0.00/0.00     0.00/0.00    0.00/0.00
in_I[7]   in     0.00/0.00    0.00/0.00     0.00/0.00    0.00/0.00
in_I[8]   in     0.00/0.00    0.00/0.00     0.00/0.00    0.00/0.00
in_I[9]   in     0.00/0.00    0.00/0.00     0.00/0.00    0.00/0.00
in_Q[0]   in     0.00/0.00    0.00/0.00     0.00/0.00    0.00/0.00
in_Q[10]  in     0.00/0.00    0.00/0.00     0.00/0.00    0.00/0.00
in_Q[11]  in     0.00/0.00    0.00/0.00     0.00/0.00    0.00/0.00
in_Q[12]  in     0.00/0.00    0.00/0.00     0.00/0.00    0.00/0.00
in_Q[13]  in     0.00/0.00    0.00/0.00     0.00/0.00    0.00/0.00
in_Q[14]  in     0.00/0.00    0.00/0.00     0.00/0.00    0.00/0.00
in_Q[15]  in     0.00/0.00    0.00/0.00     0.00/0.00    0.00/0.00
in_Q[1]   in     0.00/0.00    0.00/0.00     0.00/0.00    0.00/0.00
in_Q[2]   in     0.00/0.00    0.00/0.00     0.00/0.00    0.00/0.00
in_Q[3]   in     0.00/0.00    0.00/0.00     0.00/0.00    0.00/0.00
in_Q[4]   in     0.00/0.00    0.00/0.00     0.00/0.00    0.00/0.00
in_Q[5]   in     0.00/0.00    0.00/0.00     0.00/0.00    0.00/0.00
in_Q[6]   in     0.00/0.00    0.00/0.00     0.00/0.00    0.00/0.00
in_Q[7]   in     0.00/0.00    0.00/0.00     0.00/0.00    0.00/0.00
in_Q[8]   in     0.00/0.00    0.00/0.00     0.00/0.00    0.00/0.00
in_Q[9]   in     0.00/0.00    0.00/0.00     0.00/0.00    0.00/0.00
rst_n     in     0.00/0.00    0.00/0.00     0.00/0.00    0.00/0.00
valid_in  in     0.00/0.00    0.00/0.00     0.00/0.00    0.00/0.00
1
