****************************************
Report : net
Design : neural_eq_top
Version: O-2018.06-SP1
Date   : Wed Apr 29 17:38:41 2026
****************************************

Attributes
    d - user dont_touch
    D - derived dont_touch


Net                 Fanout    Fanin   Pins         Attributes
--------------------------------------------------------------------------------
clk                   1246        1   1247         
in_I[0]                  1        1      2         
in_I[10]                 1        1      2         
in_I[11]                 1        1      2         
in_I[12]                 1        1      2         
in_I[13]                 1        1      2         
in_I[14]                 1        1      2         
in_I[15]                 1        1      2         
in_I[1]                  1        1      2         
in_I[2]                  1        1      2         
in_I[3]                  1        1      2         
in_I[4]                  1        1      2         
in_I[5]                  1        1      2         
in_I[6]                  1        1      2         
in_I[7]                  1        1      2         
in_I[8]                  1        1      2         
in_I[9]                  1        1      2         
in_Q[0]                  1        1      2         
in_Q[10]                 1        1      2         
in_Q[11]                 1        1      2         
in_Q[12]                 1        1      2         
in_Q[13]                 1        1      2         
in_Q[14]                 1        1      2         
in_Q[15]                 1        1      2         
in_Q[1]                  1        1      2         
in_Q[2]                  1        1      2         
in_Q[3]                  1        1      2         
in_Q[4]                  1        1      2         
in_Q[5]                  1        1      2         
in_Q[6]                  1        1      2         
in_Q[7]                  1        1      2         
in_Q[8]                  1        1      2         
in_Q[9]                  1        1      2         
l1_out[0]                1        1      2         
l1_out[100]              1        1      2         
l1_out[101]              1        1      2         
l1_out[102]              1        1      2         
l1_out[103]              1        1      2         
l1_out[104]              1        1      2         
l1_out[105]              1        1      2         
l1_out[106]              1        1      2         
l1_out[107]              1        1      2         
l1_out[108]              1        1      2         
l1_out[109]              1        1      2         
l1_out[10]               1        1      2         
l1_out[110]              1        1      2         
l1_out[111]              1        1      2         
l1_out[112]              1        1      2         
l1_out[113]              1        1      2         
l1_out[114]              1        1      2         
l1_out[115]              1        1      2         
l1_out[116]              1        1      2         
l1_out[117]              1        1      2         
l1_out[118]              1        1      2         
l1_out[119]              1        1      2         
l1_out[11]               1        1      2         
l1_out[120]              1        1      2         
l1_out[121]              1        1      2         
l1_out[122]              1        1      2         
l1_out[123]              1        1      2         
l1_out[124]              1        1      2         
l1_out[125]              1        1      2         
l1_out[126]              1        1      2         
l1_out[127]              1        1      2         
l1_out[128]              1        1      2         
l1_out[129]              1        1      2         
l1_out[12]               1        1      2         
l1_out[130]              1        1      2         
l1_out[131]              1        1      2         
l1_out[132]              1        1      2         
l1_out[133]              1        1      2         
l1_out[134]              1        1      2         
l1_out[135]              1        1      2         
l1_out[136]              1        1      2         
l1_out[137]              1        1      2         
l1_out[138]              1        1      2         
l1_out[139]              1        1      2         
l1_out[13]               1        1      2         
l1_out[140]              1        1      2         
l1_out[141]              1        1      2         
l1_out[142]              1        1      2         
l1_out[143]              1        1      2         
l1_out[144]              1        1      2         
l1_out[145]              1        1      2         
l1_out[146]              1        1      2         
l1_out[147]              1        1      2         
l1_out[148]              1        1      2         
l1_out[149]              1        1      2         
l1_out[14]               1        1      2         
l1_out[150]              1        1      2         
l1_out[151]              1        1      2         
l1_out[152]              1        1      2         
l1_out[153]              1        1      2         
l1_out[154]              1        1      2         
l1_out[155]              1        1      2         
l1_out[156]              1        1      2         
l1_out[157]              1        1      2         
l1_out[158]              1        1      2         
l1_out[159]              1        1      2         
l1_out[15]               1        1      2         
l1_out[160]              1        1      2         
l1_out[161]              1        1      2         
l1_out[162]              1        1      2         
l1_out[163]              1        1      2         
l1_out[164]              1        1      2         
l1_out[165]              1        1      2         
l1_out[166]              1        1      2         
l1_out[167]              1        1      2         
l1_out[168]              1        1      2         
l1_out[169]              1        1      2         
l1_out[16]               1        1      2         
l1_out[170]              1        1      2         
l1_out[171]              1        1      2         
l1_out[172]              1        1      2         
l1_out[173]              1        1      2         
l1_out[174]              1        1      2         
l1_out[175]              1        1      2         
l1_out[176]              1        1      2         
l1_out[177]              1        1      2         
l1_out[178]              1        1      2         
l1_out[179]              1        1      2         
l1_out[17]               1        1      2         
l1_out[180]              1        1      2         
l1_out[181]              1        1      2         
l1_out[182]              1        1      2         
l1_out[183]              1        1      2         
l1_out[184]              1        1      2         
l1_out[185]              1        1      2         
l1_out[186]              1        1      2         
l1_out[187]              1        1      2         
l1_out[188]              1        1      2         
l1_out[189]              1        1      2         
l1_out[18]               1        1      2         
l1_out[190]              1        1      2         
l1_out[191]              1        1      2         
l1_out[192]              1        1      2         
l1_out[193]              1        1      2         
l1_out[194]              1        1      2         
l1_out[195]              1        1      2         
l1_out[196]              1        1      2         
l1_out[197]              1        1      2         
l1_out[198]              1        1      2         
l1_out[199]              1        1      2         
l1_out[19]               1        1      2         
l1_out[1]                1        1      2         
l1_out[200]              1        1      2         
l1_out[201]              1        1      2         
l1_out[202]              1        1      2         
l1_out[203]              1        1      2         
l1_out[204]              1        1      2         
l1_out[205]              1        1      2         
l1_out[206]              1        1      2         
l1_out[207]              1        1      2         
l1_out[208]              1        1      2         
l1_out[209]              1        1      2         
l1_out[20]               1        1      2         
l1_out[210]              1        1      2         
l1_out[211]              1        1      2         
l1_out[212]              1        1      2         
l1_out[213]              1        1      2         
l1_out[214]              1        1      2         
l1_out[215]              1        1      2         
l1_out[216]              1        1      2         
l1_out[217]              1        1      2         
l1_out[218]              1        1      2         
l1_out[219]              1        1      2         
l1_out[21]               1        1      2         
l1_out[220]              1        1      2         
l1_out[221]              1        1      2         
l1_out[222]              1        1      2         
l1_out[223]              1        1      2         
l1_out[224]              1        1      2         
l1_out[225]              1        1      2         
l1_out[226]              1        1      2         
l1_out[227]              1        1      2         
l1_out[228]              1        1      2         
l1_out[229]              1        1      2         
l1_out[22]               1        1      2         
l1_out[230]              1        1      2         
l1_out[231]              1        1      2         
l1_out[232]              1        1      2         
l1_out[233]              1        1      2         
l1_out[234]              1        1      2         
l1_out[235]              1        1      2         
l1_out[236]              1        1      2         
l1_out[237]              1        1      2         
l1_out[238]              1        1      2         
l1_out[239]              1        1      2         
l1_out[23]               1        1      2         
l1_out[240]              1        1      2         
l1_out[241]              1        1      2         
l1_out[242]              1        1      2         
l1_out[243]              1        1      2         
l1_out[244]              1        1      2         
l1_out[245]              1        1      2         
l1_out[246]              1        1      2         
l1_out[247]              1        1      2         
l1_out[248]              1        1      2         
l1_out[249]              1        1      2         
l1_out[24]               1        1      2         
l1_out[250]              1        1      2         
l1_out[251]              1        1      2         
l1_out[252]              1        1      2         
l1_out[253]              1        1      2         
l1_out[254]              1        1      2         
l1_out[255]              1        1      2         
l1_out[256]              1        1      2         
l1_out[257]              1        1      2         
l1_out[258]              1        1      2         
l1_out[259]              1        1      2         
l1_out[25]               1        1      2         
l1_out[260]              1        1      2         
l1_out[261]              1        1      2         
l1_out[262]              1        1      2         
l1_out[263]              1        1      2         
l1_out[264]              1        1      2         
l1_out[265]              1        1      2         
l1_out[266]              1        1      2         
l1_out[267]              1        1      2         
l1_out[268]              1        1      2         
l1_out[269]              1        1      2         
l1_out[26]               1        1      2         
l1_out[270]              1        1      2         
l1_out[271]              1        1      2         
l1_out[272]              1        1      2         
l1_out[273]              1        1      2         
l1_out[274]              1        1      2         
l1_out[275]              1        1      2         
l1_out[276]              1        1      2         
l1_out[277]              1        1      2         
l1_out[278]              1        1      2         
l1_out[279]              1        1      2         
l1_out[27]               1        1      2         
l1_out[280]              1        1      2         
l1_out[281]              1        1      2         
l1_out[282]              1        1      2         
l1_out[283]              1        1      2         
l1_out[284]              1        1      2         
l1_out[285]              1        1      2         
l1_out[286]              1        1      2         
l1_out[287]              1        1      2         
l1_out[288]              1        1      2         
l1_out[289]              1        1      2         
l1_out[28]               1        1      2         
l1_out[290]              1        1      2         
l1_out[291]              1        1      2         
l1_out[292]              1        1      2         
l1_out[293]              1        1      2         
l1_out[294]              1        1      2         
l1_out[295]              1        1      2         
l1_out[296]              1        1      2         
l1_out[297]              1        1      2         
l1_out[298]              1        1      2         
l1_out[299]              1        1      2         
l1_out[29]               1        1      2         
l1_out[2]                1        1      2         
l1_out[300]              1        1      2         
l1_out[301]              1        1      2         
l1_out[302]              1        1      2         
l1_out[303]              1        1      2         
l1_out[304]              1        1      2         
l1_out[305]              1        1      2         
l1_out[306]              1        1      2         
l1_out[307]              1        1      2         
l1_out[308]              1        1      2         
l1_out[309]              1        1      2         
l1_out[30]               1        1      2         
l1_out[310]              1        1      2         
l1_out[311]              1        1      2         
l1_out[312]              1        1      2         
l1_out[313]              1        1      2         
l1_out[314]              1        1      2         
l1_out[315]              1        1      2         
l1_out[316]              1        1      2         
l1_out[317]              1        1      2         
l1_out[318]              1        1      2         
l1_out[319]              1        1      2         
l1_out[31]               1        1      2         
l1_out[320]              1        1      2         
l1_out[321]              1        1      2         
l1_out[322]              1        1      2         
l1_out[323]              1        1      2         
l1_out[324]              1        1      2         
l1_out[325]              1        1      2         
l1_out[326]              1        1      2         
l1_out[327]              1        1      2         
l1_out[328]              1        1      2         
l1_out[329]              1        1      2         
l1_out[32]               1        1      2         
l1_out[330]              1        1      2         
l1_out[331]              1        1      2         
l1_out[332]              1        1      2         
l1_out[333]              1        1      2         
l1_out[334]              1        1      2         
l1_out[335]              1        1      2         
l1_out[336]              1        1      2         
l1_out[337]              1        1      2         
l1_out[338]              1        1      2         
l1_out[339]              1        1      2         
l1_out[33]               1        1      2         
l1_out[340]              1        1      2         
l1_out[341]              1        1      2         
l1_out[342]              1        1      2         
l1_out[343]              1        1      2         
l1_out[344]              1        1      2         
l1_out[345]              1        1      2         
l1_out[346]              1        1      2         
l1_out[347]              1        1      2         
l1_out[348]              1        1      2         
l1_out[349]              1        1      2         
l1_out[34]               1        1      2         
l1_out[350]              1        1      2         
l1_out[351]              1        1      2         
l1_out[352]              1        1      2         
l1_out[353]              1        1      2         
l1_out[354]              1        1      2         
l1_out[355]              1        1      2         
l1_out[356]              1        1      2         
l1_out[357]              1        1      2         
l1_out[358]              1        1      2         
l1_out[359]              1        1      2         
l1_out[35]               1        1      2         
l1_out[360]              1        1      2         
l1_out[361]              1        1      2         
l1_out[362]              1        1      2         
l1_out[363]              1        1      2         
l1_out[364]              1        1      2         
l1_out[365]              1        1      2         
l1_out[366]              1        1      2         
l1_out[367]              1        1      2         
l1_out[368]              1        1      2         
l1_out[369]              1        1      2         
l1_out[36]               1        1      2         
l1_out[370]              1        1      2         
l1_out[371]              1        1      2         
l1_out[372]              1        1      2         
l1_out[373]              1        1      2         
l1_out[374]              1        1      2         
l1_out[375]              1        1      2         
l1_out[376]              1        1      2         
l1_out[377]              1        1      2         
l1_out[378]              1        1      2         
l1_out[379]              1        1      2         
l1_out[37]               1        1      2         
l1_out[380]              1        1      2         
l1_out[381]              1        1      2         
l1_out[382]              1        1      2         
l1_out[383]              1        1      2         
l1_out[384]              1        1      2         
l1_out[385]              1        1      2         
l1_out[386]              1        1      2         
l1_out[387]              1        1      2         
l1_out[388]              1        1      2         
l1_out[389]              1        1      2         
l1_out[38]               1        1      2         
l1_out[390]              1        1      2         
l1_out[391]              1        1      2         
l1_out[392]              1        1      2         
l1_out[393]              1        1      2         
l1_out[394]              1        1      2         
l1_out[395]              1        1      2         
l1_out[396]              1        1      2         
l1_out[397]              1        1      2         
l1_out[398]              1        1      2         
l1_out[399]              1        1      2         
l1_out[39]               1        1      2         
l1_out[3]                1        1      2         
l1_out[400]              1        1      2         
l1_out[401]              1        1      2         
l1_out[402]              1        1      2         
l1_out[403]              1        1      2         
l1_out[404]              1        1      2         
l1_out[405]              1        1      2         
l1_out[406]              1        1      2         
l1_out[407]              1        1      2         
l1_out[408]              1        1      2         
l1_out[409]              1        1      2         
l1_out[40]               1        1      2         
l1_out[410]              1        1      2         
l1_out[411]              1        1      2         
l1_out[412]              1        1      2         
l1_out[413]              1        1      2         
l1_out[414]              1        1      2         
l1_out[415]              0        1      1         
l1_out[416]              1        1      2         
l1_out[417]              1        1      2         
l1_out[418]              1        1      2         
l1_out[419]              1        1      2         
l1_out[41]               1        1      2         
l1_out[420]              1        1      2         
l1_out[421]              1        1      2         
l1_out[422]              1        1      2         
l1_out[423]              1        1      2         
l1_out[424]              1        1      2         
l1_out[425]              1        1      2         
l1_out[426]              1        1      2         
l1_out[427]              1        1      2         
l1_out[428]              1        1      2         
l1_out[429]              1        1      2         
l1_out[42]               1        1      2         
l1_out[430]              1        1      2         
l1_out[431]              1        1      2         
l1_out[432]              1        1      2         
l1_out[433]              1        1      2         
l1_out[434]              1        1      2         
l1_out[435]              1        1      2         
l1_out[436]              1        1      2         
l1_out[437]              1        1      2         
l1_out[438]              1        1      2         
l1_out[439]              1        1      2         
l1_out[43]               1        1      2         
l1_out[440]              1        1      2         
l1_out[441]              1        1      2         
l1_out[442]              1        1      2         
l1_out[443]              1        1      2         
l1_out[444]              1        1      2         
l1_out[445]              1        1      2         
l1_out[446]              1        1      2         
l1_out[447]              1        1      2         
l1_out[448]              1        1      2         
l1_out[449]              1        1      2         
l1_out[44]               1        1      2         
l1_out[450]              1        1      2         
l1_out[451]              1        1      2         
l1_out[452]              1        1      2         
l1_out[453]              1        1      2         
l1_out[454]              1        1      2         
l1_out[455]              1        1      2         
l1_out[456]              1        1      2         
l1_out[457]              1        1      2         
l1_out[458]              1        1      2         
l1_out[459]              1        1      2         
l1_out[45]               1        1      2         
l1_out[460]              1        1      2         
l1_out[461]              1        1      2         
l1_out[462]              1        1      2         
l1_out[463]              1        1      2         
l1_out[464]              1        1      2         
l1_out[465]              1        1      2         
l1_out[466]              1        1      2         
l1_out[467]              1        1      2         
l1_out[468]              1        1      2         
l1_out[469]              1        1      2         
l1_out[46]               1        1      2         
l1_out[470]              1        1      2         
l1_out[471]              1        1      2         
l1_out[472]              1        1      2         
l1_out[473]              1        1      2         
l1_out[474]              1        1      2         
l1_out[475]              1        1      2         
l1_out[476]              1        1      2         
l1_out[477]              1        1      2         
l1_out[478]              1        1      2         
l1_out[479]              1        1      2         
l1_out[47]               1        1      2         
l1_out[480]              1        1      2         
l1_out[481]              1        1      2         
l1_out[482]              1        1      2         
l1_out[483]              1        1      2         
l1_out[484]              1        1      2         
l1_out[485]              1        1      2         
l1_out[486]              1        1      2         
l1_out[487]              1        1      2         
l1_out[488]              1        1      2         
l1_out[489]              1        1      2         
l1_out[48]               1        1      2         
l1_out[490]              1        1      2         
l1_out[491]              1        1      2         
l1_out[492]              1        1      2         
l1_out[493]              1        1      2         
l1_out[494]              1        1      2         
l1_out[495]              0        1      1         
l1_out[496]              1        1      2         
l1_out[497]              1        1      2         
l1_out[498]              1        1      2         
l1_out[499]              1        1      2         
l1_out[49]               1        1      2         
l1_out[4]                1        1      2         
l1_out[500]              1        1      2         
l1_out[501]              1        1      2         
l1_out[502]              1        1      2         
l1_out[503]              1        1      2         
l1_out[504]              1        1      2         
l1_out[505]              1        1      2         
l1_out[506]              1        1      2         
l1_out[507]              1        1      2         
l1_out[508]              1        1      2         
l1_out[509]              1        1      2         
l1_out[50]               1        1      2         
l1_out[510]              1        1      2         
l1_out[511]              1        1      2         
l1_out[51]               1        1      2         
l1_out[52]               1        1      2         
l1_out[53]               1        1      2         
l1_out[54]               1        1      2         
l1_out[55]               1        1      2         
l1_out[56]               1        1      2         
l1_out[57]               1        1      2         
l1_out[58]               1        1      2         
l1_out[59]               1        1      2         
l1_out[5]                1        1      2         
l1_out[60]               1        1      2         
l1_out[61]               1        1      2         
l1_out[62]               1        1      2         
l1_out[63]               1        1      2         
l1_out[64]               1        1      2         
l1_out[65]               1        1      2         
l1_out[66]               1        1      2         
l1_out[67]               1        1      2         
l1_out[68]               1        1      2         
l1_out[69]               1        1      2         
l1_out[6]                1        1      2         
l1_out[70]               1        1      2         
l1_out[71]               1        1      2         
l1_out[72]               1        1      2         
l1_out[73]               1        1      2         
l1_out[74]               1        1      2         
l1_out[75]               1        1      2         
l1_out[76]               1        1      2         
l1_out[77]               1        1      2         
l1_out[78]               1        1      2         
l1_out[79]               1        1      2         
l1_out[7]                1        1      2         
l1_out[80]               1        1      2         
l1_out[81]               1        1      2         
l1_out[82]               1        1      2         
l1_out[83]               1        1      2         
l1_out[84]               1        1      2         
l1_out[85]               1        1      2         
l1_out[86]               1        1      2         
l1_out[87]               1        1      2         
l1_out[88]               1        1      2         
l1_out[89]               1        1      2         
l1_out[8]                1        1      2         
l1_out[90]               1        1      2         
l1_out[91]               1        1      2         
l1_out[92]               1        1      2         
l1_out[93]               1        1      2         
l1_out[94]               1        1      2         
l1_out[95]               1        1      2         
l1_out[96]               1        1      2         
l1_out[97]               1        1      2         
l1_out[98]               1        1      2         
l1_out[99]               1        1      2         
l1_out[9]                1        1      2         
l2_out[0]                1        1      2         
l2_out[100]              1        1      2         
l2_out[101]              1        1      2         
l2_out[102]              1        1      2         
l2_out[103]              1        1      2         
l2_out[104]              1        1      2         
l2_out[105]              1        1      2         
l2_out[106]              1        1      2         
l2_out[107]              1        1      2         
l2_out[108]              1        1      2         
l2_out[109]              1        1      2         
l2_out[10]               1        1      2         
l2_out[110]              1        1      2         
l2_out[111]              1        1      2         
l2_out[112]              1        1      2         
l2_out[113]              1        1      2         
l2_out[114]              1        1      2         
l2_out[115]              1        1      2         
l2_out[116]              1        1      2         
l2_out[117]              1        1      2         
l2_out[118]              1        1      2         
l2_out[119]              1        1      2         
l2_out[11]               1        1      2         
l2_out[120]              1        1      2         
l2_out[121]              1        1      2         
l2_out[122]              1        1      2         
l2_out[123]              1        1      2         
l2_out[124]              1        1      2         
l2_out[125]              1        1      2         
l2_out[126]              1        1      2         
l2_out[127]              1        1      2         
l2_out[128]              1        1      2         
l2_out[129]              1        1      2         
l2_out[12]               1        1      2         
l2_out[130]              1        1      2         
l2_out[131]              1        1      2         
l2_out[132]              1        1      2         
l2_out[133]              0        1      1         
l2_out[134]              1        1      2         
l2_out[135]              1        1      2         
l2_out[136]              1        1      2         
l2_out[137]              1        1      2         
l2_out[138]              1        1      2         
l2_out[139]              1        1      2         
l2_out[13]               0        1      1         
l2_out[140]              1        1      2         
l2_out[141]              1        1      2         
l2_out[142]              1        1      2         
l2_out[143]              1        1      2         
l2_out[144]              1        1      2         
l2_out[145]              1        1      2         
l2_out[146]              1        1      2         
l2_out[147]              1        1      2         
l2_out[148]              1        1      2         
l2_out[149]              1        1      2         
l2_out[14]               1        1      2         
l2_out[150]              1        1      2         
l2_out[151]              1        1      2         
l2_out[152]              1        1      2         
l2_out[153]              1        1      2         
l2_out[154]              1        1      2         
l2_out[155]              1        1      2         
l2_out[156]              1        1      2         
l2_out[157]              1        1      2         
l2_out[158]              1        1      2         
l2_out[159]              1        1      2         
l2_out[15]               1        1      2         
l2_out[160]              1        1      2         
l2_out[161]              1        1      2         
l2_out[162]              1        1      2         
l2_out[163]              1        1      2         
l2_out[164]              1        1      2         
l2_out[165]              1        1      2         
l2_out[166]              1        1      2         
l2_out[167]              1        1      2         
l2_out[168]              1        1      2         
l2_out[169]              1        1      2         
l2_out[16]               1        1      2         
l2_out[170]              1        1      2         
l2_out[171]              1        1      2         
l2_out[172]              1        1      2         
l2_out[173]              1        1      2         
l2_out[174]              1        1      2         
l2_out[175]              1        1      2         
l2_out[176]              1        1      2         
l2_out[177]              1        1      2         
l2_out[178]              1        1      2         
l2_out[179]              1        1      2         
l2_out[17]               1        1      2         
l2_out[180]              1        1      2         
l2_out[181]              1        1      2         
l2_out[182]              1        1      2         
l2_out[183]              1        1      2         
l2_out[184]              1        1      2         
l2_out[185]              1        1      2         
l2_out[186]              1        1      2         
l2_out[187]              1        1      2         
l2_out[188]              1        1      2         
l2_out[189]              1        1      2         
l2_out[18]               1        1      2         
l2_out[190]              1        1      2         
l2_out[191]              1        1      2         
l2_out[192]              1        1      2         
l2_out[193]              1        1      2         
l2_out[194]              1        1      2         
l2_out[195]              1        1      2         
l2_out[196]              1        1      2         
l2_out[197]              1        1      2         
l2_out[198]              1        1      2         
l2_out[199]              1        1      2         
l2_out[19]               1        1      2         
l2_out[1]                1        1      2         
l2_out[200]              1        1      2         
l2_out[201]              1        1      2         
l2_out[202]              1        1      2         
l2_out[203]              1        1      2         
l2_out[204]              1        1      2         
l2_out[205]              1        1      2         
l2_out[206]              1        1      2         
l2_out[207]              1        1      2         
l2_out[208]              1        1      2         
l2_out[209]              1        1      2         
l2_out[20]               0        1      1         
l2_out[210]              1        1      2         
l2_out[211]              1        1      2         
l2_out[212]              1        1      2         
l2_out[213]              1        1      2         
l2_out[214]              1        1      2         
l2_out[215]              1        1      2         
l2_out[216]              1        1      2         
l2_out[217]              1        1      2         
l2_out[218]              1        1      2         
l2_out[219]              1        1      2         
l2_out[21]               1        1      2         
l2_out[220]              1        1      2         
l2_out[221]              1        1      2         
l2_out[222]              1        1      2         
l2_out[223]              1        1      2         
l2_out[224]              1        1      2         
l2_out[225]              1        1      2         
l2_out[226]              1        1      2         
l2_out[227]              1        1      2         
l2_out[228]              1        1      2         
l2_out[229]              1        1      2         
l2_out[22]               1        1      2         
l2_out[230]              1        1      2         
l2_out[231]              1        1      2         
l2_out[232]              1        1      2         
l2_out[233]              1        1      2         
l2_out[234]              1        1      2         
l2_out[235]              1        1      2         
l2_out[236]              1        1      2         
l2_out[237]              1        1      2         
l2_out[238]              1        1      2         
l2_out[239]              1        1      2         
l2_out[23]               1        1      2         
l2_out[240]              1        1      2         
l2_out[241]              1        1      2         
l2_out[242]              1        1      2         
l2_out[243]              1        1      2         
l2_out[244]              1        1      2         
l2_out[245]              1        1      2         
l2_out[246]              1        1      2         
l2_out[247]              1        1      2         
l2_out[248]              1        1      2         
l2_out[249]              1        1      2         
l2_out[24]               0        1      1         
l2_out[250]              1        1      2         
l2_out[251]              1        1      2         
l2_out[252]              1        1      2         
l2_out[253]              1        1      2         
l2_out[254]              1        1      2         
l2_out[255]              1        1      2         
l2_out[256]              1        1      2         
l2_out[257]              1        1      2         
l2_out[258]              1        1      2         
l2_out[259]              1        1      2         
l2_out[25]               1        1      2         
l2_out[260]              1        1      2         
l2_out[261]              1        1      2         
l2_out[262]              1        1      2         
l2_out[263]              1        1      2         
l2_out[264]              1        1      2         
l2_out[265]              1        1      2         
l2_out[266]              1        1      2         
l2_out[267]              1        1      2         
l2_out[268]              1        1      2         
l2_out[269]              1        1      2         
l2_out[26]               1        1      2         
l2_out[270]              1        1      2         
l2_out[271]              1        1      2         
l2_out[272]              1        1      2         
l2_out[273]              1        1      2         
l2_out[274]              1        1      2         
l2_out[275]              1        1      2         
l2_out[276]              1        1      2         
l2_out[277]              1        1      2         
l2_out[278]              1        1      2         
l2_out[279]              1        1      2         
l2_out[27]               1        1      2         
l2_out[280]              1        1      2         
l2_out[281]              1        1      2         
l2_out[282]              1        1      2         
l2_out[283]              1        1      2         
l2_out[284]              1        1      2         
l2_out[285]              1        1      2         
l2_out[286]              1        1      2         
l2_out[287]              1        1      2         
l2_out[288]              1        1      2         
l2_out[289]              1        1      2         
l2_out[28]               1        1      2         
l2_out[290]              1        1      2         
l2_out[291]              1        1      2         
l2_out[292]              1        1      2         
l2_out[293]              1        1      2         
l2_out[294]              1        1      2         
l2_out[295]              1        1      2         
l2_out[296]              1        1      2         
l2_out[297]              1        1      2         
l2_out[298]              1        1      2         
l2_out[299]              1        1      2         
l2_out[29]               1        1      2         
l2_out[2]                1        1      2         
l2_out[300]              1        1      2         
l2_out[301]              1        1      2         
l2_out[302]              1        1      2         
l2_out[303]              0        1      1         
l2_out[304]              1        1      2         
l2_out[305]              1        1      2         
l2_out[306]              1        1      2         
l2_out[307]              1        1      2         
l2_out[308]              1        1      2         
l2_out[309]              1        1      2         
l2_out[30]               1        1      2         
l2_out[310]              1        1      2         
l2_out[311]              1        1      2         
l2_out[312]              1        1      2         
l2_out[313]              1        1      2         
l2_out[314]              1        1      2         
l2_out[315]              1        1      2         
l2_out[316]              1        1      2         
l2_out[317]              1        1      2         
l2_out[318]              1        1      2         
l2_out[319]              1        1      2         
l2_out[31]               1        1      2         
l2_out[320]              1        1      2         
l2_out[321]              1        1      2         
l2_out[322]              1        1      2         
l2_out[323]              1        1      2         
l2_out[324]              1        1      2         
l2_out[325]              1        1      2         
l2_out[326]              1        1      2         
l2_out[327]              1        1      2         
l2_out[328]              1        1      2         
l2_out[329]              1        1      2         
l2_out[32]               1        1      2         
l2_out[330]              1        1      2         
l2_out[331]              1        1      2         
l2_out[332]              1        1      2         
l2_out[333]              1        1      2         
l2_out[334]              1        1      2         
l2_out[335]              1        1      2         
l2_out[336]              1        1      2         
l2_out[337]              1        1      2         
l2_out[338]              1        1      2         
l2_out[339]              1        1      2         
l2_out[33]               1        1      2         
l2_out[340]              1        1      2         
l2_out[341]              1        1      2         
l2_out[342]              1        1      2         
l2_out[343]              1        1      2         
l2_out[344]              1        1      2         
l2_out[345]              1        1      2         
l2_out[346]              1        1      2         
l2_out[347]              1        1      2         
l2_out[348]              1        1      2         
l2_out[349]              1        1      2         
l2_out[34]               1        1      2         
l2_out[350]              1        1      2         
l2_out[351]              1        1      2         
l2_out[352]              1        1      2         
l2_out[353]              1        1      2         
l2_out[354]              1        1      2         
l2_out[355]              1        1      2         
l2_out[356]              1        1      2         
l2_out[357]              1        1      2         
l2_out[358]              1        1      2         
l2_out[359]              1        1      2         
l2_out[35]               1        1      2         
l2_out[360]              1        1      2         
l2_out[361]              1        1      2         
l2_out[362]              1        1      2         
l2_out[363]              1        1      2         
l2_out[364]              1        1      2         
l2_out[365]              1        1      2         
l2_out[366]              1        1      2         
l2_out[367]              1        1      2         
l2_out[368]              1        1      2         
l2_out[369]              1        1      2         
l2_out[36]               1        1      2         
l2_out[370]              1        1      2         
l2_out[371]              1        1      2         
l2_out[372]              1        1      2         
l2_out[373]              1        1      2         
l2_out[374]              1        1      2         
l2_out[375]              1        1      2         
l2_out[376]              1        1      2         
l2_out[377]              1        1      2         
l2_out[378]              1        1      2         
l2_out[379]              1        1      2         
l2_out[37]               1        1      2         
l2_out[380]              0        1      1         
l2_out[381]              0        1      1         
l2_out[382]              0        1      1         
l2_out[383]              1        1      2         
l2_out[384]              1        1      2         
l2_out[385]              1        1      2         
l2_out[386]              1        1      2         
l2_out[387]              1        1      2         
l2_out[388]              1        1      2         
l2_out[389]              1        1      2         
l2_out[38]               1        1      2         
l2_out[390]              1        1      2         
l2_out[391]              1        1      2         
l2_out[392]              1        1      2         
l2_out[393]              1        1      2         
l2_out[394]              1        1      2         
l2_out[395]              1        1      2         
l2_out[396]              1        1      2         
l2_out[397]              1        1      2         
l2_out[398]              1        1      2         
l2_out[399]              1        1      2         
l2_out[39]               1        1      2         
l2_out[3]                1        1      2         
l2_out[400]              1        1      2         
l2_out[401]              1        1      2         
l2_out[402]              1        1      2         
l2_out[403]              1        1      2         
l2_out[404]              1        1      2         
l2_out[405]              1        1      2         
l2_out[406]              1        1      2         
l2_out[407]              1        1      2         
l2_out[408]              1        1      2         
l2_out[409]              1        1      2         
l2_out[40]               1        1      2         
l2_out[410]              1        1      2         
l2_out[411]              1        1      2         
l2_out[412]              1        1      2         
l2_out[413]              1        1      2         
l2_out[414]              1        1      2         
l2_out[415]              1        1      2         
l2_out[416]              1        1      2         
l2_out[417]              1        1      2         
l2_out[418]              1        1      2         
l2_out[419]              1        1      2         
l2_out[41]               1        1      2         
l2_out[420]              1        1      2         
l2_out[421]              1        1      2         
l2_out[422]              1        1      2         
l2_out[423]              1        1      2         
l2_out[424]              1        1      2         
l2_out[425]              1        1      2         
l2_out[426]              1        1      2         
l2_out[427]              1        1      2         
l2_out[428]              1        1      2         
l2_out[429]              1        1      2         
l2_out[42]               1        1      2         
l2_out[430]              1        1      2         
l2_out[431]              1        1      2         
l2_out[432]              1        1      2         
l2_out[433]              1        1      2         
l2_out[434]              1        1      2         
l2_out[435]              1        1      2         
l2_out[436]              1        1      2         
l2_out[437]              1        1      2         
l2_out[438]              1        1      2         
l2_out[439]              1        1      2         
l2_out[43]               1        1      2         
l2_out[440]              1        1      2         
l2_out[441]              1        1      2         
l2_out[442]              1        1      2         
l2_out[443]              1        1      2         
l2_out[444]              1        1      2         
l2_out[445]              1        1      2         
l2_out[446]              1        1      2         
l2_out[447]              1        1      2         
l2_out[448]              1        1      2         
l2_out[449]              1        1      2         
l2_out[44]               1        1      2         
l2_out[450]              1        1      2         
l2_out[451]              1        1      2         
l2_out[452]              1        1      2         
l2_out[453]              1        1      2         
l2_out[454]              1        1      2         
l2_out[455]              1        1      2         
l2_out[456]              1        1      2         
l2_out[457]              1        1      2         
l2_out[458]              1        1      2         
l2_out[459]              1        1      2         
l2_out[45]               1        1      2         
l2_out[460]              1        1      2         
l2_out[461]              1        1      2         
l2_out[462]              1        1      2         
l2_out[463]              1        1      2         
l2_out[464]              1        1      2         
l2_out[465]              1        1      2         
l2_out[466]              1        1      2         
l2_out[467]              1        1      2         
l2_out[468]              0        1      1         
l2_out[469]              1        1      2         
l2_out[46]               1        1      2         
l2_out[470]              1        1      2         
l2_out[471]              0        1      1         
l2_out[472]              1        1      2         
l2_out[473]              1        1      2         
l2_out[474]              0        1      1         
l2_out[475]              1        1      2         
l2_out[476]              1        1      2         
l2_out[477]              0        1      1         
l2_out[478]              1        1      2         
l2_out[479]              1        1      2         
l2_out[47]               1        1      2         
l2_out[480]              1        1      2         
l2_out[481]              1        1      2         
l2_out[482]              1        1      2         
l2_out[483]              1        1      2         
l2_out[484]              1        1      2         
l2_out[485]              1        1      2         
l2_out[486]              1        1      2         
l2_out[487]              1        1      2         
l2_out[488]              1        1      2         
l2_out[489]              1        1      2         
l2_out[48]               1        1      2         
l2_out[490]              1        1      2         
l2_out[491]              1        1      2         
l2_out[492]              1        1      2         
l2_out[493]              1        1      2         
l2_out[494]              1        1      2         
l2_out[495]              1        1      2         
l2_out[496]              1        1      2         
l2_out[497]              1        1      2         
l2_out[498]              1        1      2         
l2_out[499]              1        1      2         
l2_out[49]               1        1      2         
l2_out[4]                1        1      2         
l2_out[500]              1        1      2         
l2_out[501]              1        1      2         
l2_out[502]              1        1      2         
l2_out[503]              1        1      2         
l2_out[504]              1        1      2         
l2_out[505]              1        1      2         
l2_out[506]              1        1      2         
l2_out[507]              1        1      2         
l2_out[508]              1        1      2         
l2_out[509]              1        1      2         
l2_out[50]               1        1      2         
l2_out[510]              1        1      2         
l2_out[511]              0        1      1         
l2_out[51]               1        1      2         
l2_out[52]               1        1      2         
l2_out[53]               1        1      2         
l2_out[54]               1        1      2         
l2_out[55]               1        1      2         
l2_out[56]               1        1      2         
l2_out[57]               1        1      2         
l2_out[58]               1        1      2         
l2_out[59]               1        1      2         
l2_out[5]                1        1      2         
l2_out[60]               1        1      2         
l2_out[61]               1        1      2         
l2_out[62]               1        1      2         
l2_out[63]               1        1      2         
l2_out[64]               1        1      2         
l2_out[65]               1        1      2         
l2_out[66]               1        1      2         
l2_out[67]               1        1      2         
l2_out[68]               1        1      2         
l2_out[69]               1        1      2         
l2_out[6]                1        1      2         
l2_out[70]               1        1      2         
l2_out[71]               1        1      2         
l2_out[72]               1        1      2         
l2_out[73]               1        1      2         
l2_out[74]               1        1      2         
l2_out[75]               1        1      2         
l2_out[76]               1        1      2         
l2_out[77]               1        1      2         
l2_out[78]               1        1      2         
l2_out[79]               1        1      2         
l2_out[7]                1        1      2         
l2_out[80]               1        1      2         
l2_out[81]               1        1      2         
l2_out[82]               1        1      2         
l2_out[83]               1        1      2         
l2_out[84]               1        1      2         
l2_out[85]               1        1      2         
l2_out[86]               1        1      2         
l2_out[87]               1        1      2         
l2_out[88]               1        1      2         
l2_out[89]               1        1      2         
l2_out[8]                1        1      2         
l2_out[90]               1        1      2         
l2_out[91]               1        1      2         
l2_out[92]               1        1      2         
l2_out[93]               1        1      2         
l2_out[94]               1        1      2         
l2_out[95]               1        1      2         
l2_out[96]               1        1      2         
l2_out[97]               1        1      2         
l2_out[98]               1        1      2         
l2_out[99]               1        1      2         
l2_out[9]                0        1      1         
n1                      21        1     22         
n2                       1        1      2         
out_I[0]                 2        1      3         
out_I[10]                2        1      3         
out_I[11]                2        1      3         
out_I[12]                2        1      3         
out_I[13]                2        1      3         
out_I[14]                2        1      3         
out_I[15]                2        1      3         
out_I[1]                 2        1      3         
out_I[2]                 2        1      3         
out_I[3]                 2        1      3         
out_I[4]                 2        1      3         
out_I[5]                 2        1      3         
out_I[6]                 2        1      3         
out_I[7]                 2        1      3         
out_I[8]                 2        1      3         
out_I[9]                 2        1      3         
out_Q[0]                 2        1      3         
out_Q[10]                2        1      3         
out_Q[11]                2        1      3         
out_Q[12]                2        1      3         
out_Q[13]                2        1      3         
out_Q[14]                2        1      3         
out_Q[15]                2        1      3         
out_Q[1]                 2        1      3         
out_Q[2]                 2        1      3         
out_Q[3]                 2        1      3         
out_Q[4]                 2        1      3         
out_Q[5]                 2        1      3         
out_Q[6]                 2        1      3         
out_Q[7]                 2        1      3         
out_Q[8]                 2        1      3         
out_Q[9]                 2        1      3         
rst_n                    1        1      2         
v_l1                     2        1      3         
v_l2                     2        1      3         
v_win                    1        1      2         
valid_in                 1        1      2         
valid_out                1        1      2         
win_I[0]                 2        1      3         
win_I[10]                2        1      3         
win_I[11]                2        1      3         
win_I[12]                2        1      3         
win_I[13]                2        1      3         
win_I[14]                2        1      3         
win_I[15]                2        1      3         
win_I[16]                2        1      3         
win_I[17]                2        1      3         
win_I[18]                2        1      3         
win_I[19]                2        1      3         
win_I[1]                 2        1      3         
win_I[20]                2        1      3         
win_I[21]                2        1      3         
win_I[22]                2        1      3         
win_I[23]                2        1      3         
win_I[24]                2        1      3         
win_I[25]                2        1      3         
win_I[26]                2        1      3         
win_I[27]                2        1      3         
win_I[28]                2        1      3         
win_I[29]                2        1      3         
win_I[2]                 2        1      3         
win_I[30]                2        1      3         
win_I[31]                2        1      3         
win_I[32]                2        1      3         
win_I[33]                2        1      3         
win_I[34]                2        1      3         
win_I[35]                2        1      3         
win_I[36]                2        1      3         
win_I[37]                2        1      3         
win_I[38]                2        1      3         
win_I[39]                2        1      3         
win_I[3]                 2        1      3         
win_I[40]                2        1      3         
win_I[41]                2        1      3         
win_I[42]                2        1      3         
win_I[43]                2        1      3         
win_I[44]                2        1      3         
win_I[45]                2        1      3         
win_I[46]                2        1      3         
win_I[47]                2        1      3         
win_I[48]                2        1      3         
win_I[49]                2        1      3         
win_I[4]                 2        1      3         
win_I[50]                2        1      3         
win_I[51]                2        1      3         
win_I[52]                2        1      3         
win_I[53]                2        1      3         
win_I[54]                2        1      3         
win_I[55]                2        1      3         
win_I[56]                2        1      3         
win_I[57]                2        1      3         
win_I[58]                2        1      3         
win_I[59]                2        1      3         
win_I[5]                 2        1      3         
win_I[60]                2        1      3         
win_I[61]                2        1      3         
win_I[62]                2        1      3         
win_I[63]                2        1      3         
win_I[64]                1        1      2         
win_I[65]                1        1      2         
win_I[66]                1        1      2         
win_I[67]                1        1      2         
win_I[68]                1        1      2         
win_I[69]                1        1      2         
win_I[6]                 2        1      3         
win_I[70]                1        1      2         
win_I[71]                1        1      2         
win_I[72]                1        1      2         
win_I[73]                1        1      2         
win_I[74]                1        1      2         
win_I[75]                1        1      2         
win_I[76]                1        1      2         
win_I[77]                1        1      2         
win_I[78]                1        1      2         
win_I[79]                1        1      2         
win_I[7]                 2        1      3         
win_I[8]                 2        1      3         
win_I[9]                 2        1      3         
win_Q[0]                 2        1      3         
win_Q[10]                2        1      3         
win_Q[11]                2        1      3         
win_Q[12]                2        1      3         
win_Q[13]                2        1      3         
win_Q[14]                2        1      3         
win_Q[15]                2        1      3         
win_Q[16]                2        1      3         
win_Q[17]                2        1      3         
win_Q[18]                2        1      3         
win_Q[19]                2        1      3         
win_Q[1]                 2        1      3         
win_Q[20]                2        1      3         
win_Q[21]                2        1      3         
win_Q[22]                2        1      3         
win_Q[23]                2        1      3         
win_Q[24]                2        1      3         
win_Q[25]                2        1      3         
win_Q[26]                2        1      3         
win_Q[27]                2        1      3         
win_Q[28]                2        1      3         
win_Q[29]                2        1      3         
win_Q[2]                 2        1      3         
win_Q[30]                2        1      3         
win_Q[31]                2        1      3         
win_Q[32]                2        1      3         
win_Q[33]                2        1      3         
win_Q[34]                2        1      3         
win_Q[35]                2        1      3         
win_Q[36]                2        1      3         
win_Q[37]                2        1      3         
win_Q[38]                2        1      3         
win_Q[39]                2        1      3         
win_Q[3]                 2        1      3         
win_Q[40]                2        1      3         
win_Q[41]                2        1      3         
win_Q[42]                2        1      3         
win_Q[43]                2        1      3         
win_Q[44]                2        1      3         
win_Q[45]                2        1      3         
win_Q[46]                2        1      3         
win_Q[47]                2        1      3         
win_Q[48]                2        1      3         
win_Q[49]                2        1      3         
win_Q[4]                 2        1      3         
win_Q[50]                2        1      3         
win_Q[51]                2        1      3         
win_Q[52]                2        1      3         
win_Q[53]                2        1      3         
win_Q[54]                2        1      3         
win_Q[55]                2        1      3         
win_Q[56]                2        1      3         
win_Q[57]                2        1      3         
win_Q[58]                2        1      3         
win_Q[59]                2        1      3         
win_Q[5]                 2        1      3         
win_Q[60]                2        1      3         
win_Q[61]                2        1      3         
win_Q[62]                2        1      3         
win_Q[63]                2        1      3         
win_Q[64]                1        1      2         
win_Q[65]                1        1      2         
win_Q[66]                1        1      2         
win_Q[67]                1        1      2         
win_Q[68]                1        1      2         
win_Q[69]                1        1      2         
win_Q[6]                 2        1      3         
win_Q[70]                1        1      2         
win_Q[71]                1        1      2         
win_Q[72]                1        1      2         
win_Q[73]                1        1      2         
win_Q[74]                1        1      2         
win_Q[75]                1        1      2         
win_Q[76]                1        1      2         
win_Q[77]                1        1      2         
win_Q[78]                1        1      2         
win_Q[79]                1        1      2         
win_Q[7]                 2        1      3         
win_Q[8]                 2        1      3         
win_Q[9]                 2        1      3         

Attributes
    d - user dont_touch
    D - derived dont_touch

--------------------------------------------------------------------------------
Total 1257 nets       2668     1257   3925
Maximum               1246        1   1247
Average               2.12     1.00   3.12
1
