****************************************
Report : port
Module : neural_eq_top
Mode   : default
Corner : default
Scenario: default
Version: O-2018.06-SP1
Date   : Wed Apr 29 17:38:40 2026
****************************************
                      Pin Cap                    Wire Cap
                   Min          Max           Min          Max
Port      Dir    rise/fall    rise/fall     rise/fall    rise/fall    Attributes
--------------------------------------------------------------------------------
out_I[0]  out    0.05/0.05    0.05/0.05     0.00/0.00    0.00/0.00
out_I[10] out    0.05/0.05    0.05/0.05     0.00/0.00    0.00/0.00
out_I[11] out    0.05/0.05    0.05/0.05     0.00/0.00    0.00/0.00
out_I[12] out    0.05/0.05    0.05/0.05     0.00/0.00    0.00/0.00
out_I[13] out    0.05/0.05    0.05/0.05     0.00/0.00    0.00/0.00
out_I[14] out    0.05/0.05    0.05/0.05     0.00/0.00    0.00/0.00
out_I[15] out    0.05/0.05    0.05/0.05     0.00/0.00    0.00/0.00
out_I[1]  out    0.05/0.05    0.05/0.05     0.00/0.00    0.00/0.00
out_I[2]  out    0.05/0.05    0.05/0.05     0.00/0.00    0.00/0.00
out_I[3]  out    0.05/0.05    0.05/0.05     0.00/0.00    0.00/0.00
out_I[4]  out    0.05/0.05    0.05/0.05     0.00/0.00    0.00/0.00
out_I[5]  out    0.05/0.05    0.05/0.05     0.00/0.00    0.00/0.00
out_I[6]  out    0.05/0.05    0.05/0.05     0.00/0.00    0.00/0.00
out_I[7]  out    0.05/0.05    0.05/0.05     0.00/0.00    0.00/0.00
out_I[8]  out    0.05/0.05    0.05/0.05     0.00/0.00    0.00/0.00
out_I[9]  out    0.05/0.05    0.05/0.05     0.00/0.00    0.00/0.00
out_Q[0]  out    0.05/0.05    0.05/0.05     0.00/0.00    0.00/0.00
out_Q[10] out    0.05/0.05    0.05/0.05     0.00/0.00    0.00/0.00
out_Q[11] out    0.05/0.05    0.05/0.05     0.00/0.00    0.00/0.00
out_Q[12] out    0.05/0.05    0.05/0.05     0.00/0.00    0.00/0.00
out_Q[13] out    0.05/0.05    0.05/0.05     0.00/0.00    0.00/0.00
out_Q[14] out    0.05/0.05    0.05/0.05     0.00/0.00    0.00/0.00
out_Q[15] out    0.05/0.05    0.05/0.05     0.00/0.00    0.00/0.00
out_Q[1]  out    0.05/0.05    0.05/0.05     0.00/0.00    0.00/0.00
out_Q[2]  out    0.05/0.05    0.05/0.05     0.00/0.00    0.00/0.00
out_Q[3]  out    0.05/0.05    0.05/0.05     0.00/0.00    0.00/0.00
out_Q[4]  out    0.05/0.05    0.05/0.05     0.00/0.00    0.00/0.00
out_Q[5]  out    0.05/0.05    0.05/0.05     0.00/0.00    0.00/0.00
out_Q[6]  out    0.05/0.05    0.05/0.05     0.00/0.00    0.00/0.00
out_Q[7]  out    0.05/0.05    0.05/0.05     0.00/0.00    0.00/0.00
out_Q[8]  out    0.05/0.05    0.05/0.05     0.00/0.00    0.00/0.00
out_Q[9]  out    0.05/0.05    0.05/0.05     0.00/0.00    0.00/0.00
valid_out out    0.05/0.05    0.05/0.05     0.00/0.00    0.00/0.00
1
