****************************************
Report : report_utilization
Design : neural_eq_top
Version: O-2018.06-SP1
Date   : Wed Apr 29 17:38:42 2026
****************************************
Utilization Ratio:			0.5550
Utilization options:
 - Area calculation based on:		site_row of block neural_eq_top_fp
 - Categories of objects excluded:	hard_macros macro_keepouts soft_macros io_cells hard_blockages 
Total Area:				112464.6912
Total Capacity Area:			112464.6912
Total Area of cells:			62418.1248
Area of excluded objects:
 - hard_macros         :		0.0000
 - macro_keepouts      :		0.0000
 - soft_macros         :		0.0000
 - io_cells            :		0.0000
 - hard_blockages      :		900.0000

Utilization of site-rows with:
 - Site 'unit':				0.5550

0.5550
